Copyright 1986-2022 Xilinx, Inc. All Rights Reserved. Copyright 2022-2025 Advanced Micro Devices, Inc. All Rights Reserved.
---------------------------------------------------------------------------------------------------------------------------------------------
| Tool Version : Vivado v.2025.2 (win64) Build 6299465 Fri Nov 14 19:35:11 GMT 2025
| Date         : Sat Mar 14 12:33:58 2026
| Host         : DESKTOP-HU96KOB running 64-bit major release  (build 9200)
| Command      : report_timing_summary -file reports/post_impl_timing.rpt
| Design       : dcl_top
| Device       : 7a100t-csg324
| Speed File   : -1  PRODUCTION 1.23 2018-06-13
| Design State : Routed
---------------------------------------------------------------------------------------------------------------------------------------------

Timing Summary Report

------------------------------------------------------------------------------------------------
| Timer Settings
| --------------
------------------------------------------------------------------------------------------------

  Enable Multi Corner Analysis               :  Yes
  Enable Pessimism Removal                   :  Yes
  Pessimism Removal Resolution               :  Nearest Common Node
  Enable Input Delay Default Clock           :  No
  Enable Preset / Clear Arcs                 :  No
  Disable Flight Delays                      :  No
  Ignore I/O Paths                           :  No
  Timing Early Launch at Borrowing Latches   :  No
  Borrow Time for Max Delay Exceptions       :  Yes
  Merge Timing Exceptions                    :  Yes
  Inter-SLR Compensation                     :  Conservative

  Corner  Analyze    Analyze    
  Name    Max Paths  Min Paths  
  ------  ---------  ---------  
  Slow    Yes        Yes        
  Fast    Yes        Yes        


------------------------------------------------------------------------------------------------
| Report Methodology
| ------------------
------------------------------------------------------------------------------------------------

No report available as report_methodology has not been run prior. Run report_methodology on the current design for the summary of methodology violations.



check_timing report

Table of Contents
-----------------
1. checking no_clock (0)
2. checking constant_clock (0)
3. checking pulse_width_clock (0)
4. checking unconstrained_internal_endpoints (0)
5. checking no_input_delay (20)
6. checking no_output_delay (28)
7. checking multiple_clock (0)
8. checking generated_clocks (0)
9. checking loops (0)
10. checking partial_input_delay (0)
11. checking partial_output_delay (0)
12. checking latch_loops (0)

1. checking no_clock (0)
------------------------
 There are 0 register/latch pins with no clock.


2. checking constant_clock (0)
------------------------------
 There are 0 register/latch pins with constant_clock.


3. checking pulse_width_clock (0)
---------------------------------
 There are 0 register/latch pins which need pulse_width check


4. checking unconstrained_internal_endpoints (0)
------------------------------------------------
 There are 0 pins that are not constrained for maximum delay.

 There are 0 pins that are not constrained for maximum delay due to constant clock.


5. checking no_input_delay (20)
-------------------------------
 There are 20 input ports with no input delay specified. (HIGH)

 There are 0 input ports with no input delay but user has a false path constraint.


6. checking no_output_delay (28)
--------------------------------
 There are 28 ports with no output delay specified. (HIGH)

 There are 0 ports with no output delay but user has a false path constraint

 There are 0 ports with no output delay but with a timing clock defined on it or propagating through it


7. checking multiple_clock (0)
------------------------------
 There are 0 register/latch pins with multiple clocks.


8. checking generated_clocks (0)
--------------------------------
 There are 0 generated clocks that are not connected to a clock source.


9. checking loops (0)
---------------------
 There are 0 combinational loops in the design.


10. checking partial_input_delay (0)
------------------------------------
 There are 0 input ports with partial input delay specified.


11. checking partial_output_delay (0)
-------------------------------------
 There are 0 ports with partial output delay specified.


12. checking latch_loops (0)
----------------------------
 There are 0 combinational latch loops in the design through latch input



------------------------------------------------------------------------------------------------
| Design Timing Summary
| ---------------------
------------------------------------------------------------------------------------------------

    WNS(ns)      TNS(ns)  TNS Failing Endpoints  TNS Total Endpoints      WHS(ns)      THS(ns)  THS Failing Endpoints  THS Total Endpoints     WPWS(ns)     TPWS(ns)  TPWS Failing Endpoints  TPWS Total Endpoints  
    -------      -------  ---------------------  -------------------      -------      -------  ---------------------  -------------------     --------     --------  ----------------------  --------------------  
      2.568        0.000                      0                 4307        0.034        0.000                      0                 4307        4.500        0.000                       0                  2163  


All user specified timing constraints are met.


------------------------------------------------------------------------------------------------
| Clock Summary
| -------------
------------------------------------------------------------------------------------------------

Clock        Waveform(ns)       Period(ns)      Frequency(MHz)
-----        ------------       ----------      --------------
sys_clk_pin  {0.000 5.000}      10.000          100.000         


------------------------------------------------------------------------------------------------
| Intra Clock Table
| -----------------
------------------------------------------------------------------------------------------------

Clock             WNS(ns)      TNS(ns)  TNS Failing Endpoints  TNS Total Endpoints      WHS(ns)      THS(ns)  THS Failing Endpoints  THS Total Endpoints     WPWS(ns)     TPWS(ns)  TPWS Failing Endpoints  TPWS Total Endpoints  
-----             -------      -------  ---------------------  -------------------      -------      -------  ---------------------  -------------------     --------     --------  ----------------------  --------------------  
sys_clk_pin         2.568        0.000                      0                 4307        0.034        0.000                      0                 4307        4.500        0.000                       0                  2163  


------------------------------------------------------------------------------------------------
| Inter Clock Table
| -----------------
------------------------------------------------------------------------------------------------

From Clock    To Clock          WNS(ns)      TNS(ns)  TNS Failing Endpoints  TNS Total Endpoints      WHS(ns)      THS(ns)  THS Failing Endpoints  THS Total Endpoints  
----------    --------          -------      -------  ---------------------  -------------------      -------      -------  ---------------------  -------------------  


------------------------------------------------------------------------------------------------
| Other Path Groups Table
| -----------------------
------------------------------------------------------------------------------------------------

Path Group    From Clock    To Clock          WNS(ns)      TNS(ns)  TNS Failing Endpoints  TNS Total Endpoints      WHS(ns)      THS(ns)  THS Failing Endpoints  THS Total Endpoints  
----------    ----------    --------          -------      -------  ---------------------  -------------------      -------      -------  ---------------------  -------------------  


------------------------------------------------------------------------------------------------
| Timing Details
| --------------
------------------------------------------------------------------------------------------------


---------------------------------------------------------------------------------------------------
From Clock:  sys_clk_pin
  To Clock:  sys_clk_pin

Setup :            0  Failing Endpoints,  Worst Slack        2.568ns,  Total Violation        0.000ns
Hold  :            0  Failing Endpoints,  Worst Slack        0.034ns,  Total Violation        0.000ns
PW    :            0  Failing Endpoints,  Worst Slack        4.500ns,  Total Violation        0.000ns
---------------------------------------------------------------------------------------------------


Max Delay Paths
--------------------------------------------------------------------------------------
Slack (MET) :             2.568ns  (required time - arrival time)
  Source:                 u_power_map/u_mulmod/ra_reg[1]/C
                            (rising edge-triggered cell FDCE clocked by sys_clk_pin  {rise@0.000ns fall@5.000ns period=10.000ns})
  Destination:            u_power_map/u_mulmod/acc_reg[7]/D
                            (rising edge-triggered cell FDCE clocked by sys_clk_pin  {rise@0.000ns fall@5.000ns period=10.000ns})
  Path Group:             sys_clk_pin
  Path Type:              Setup (Max at Slow Process Corner)
  Requirement:            10.000ns  (sys_clk_pin rise@10.000ns - sys_clk_pin rise@0.000ns)
  Data Path Delay:        7.389ns  (logic 4.309ns (58.317%)  route 3.080ns (41.683%))
  Logic Levels:           20  (CARRY4=17 LUT2=1 LUT5=2)
  Clock Path Skew:        -0.040ns (DCD - SCD + CPR)
    Destination Clock Delay (DCD):    5.098ns = ( 15.098 - 10.000 ) 
    Source Clock Delay      (SCD):    5.406ns
    Clock Pessimism Removal (CPR):    0.267ns
  Clock Uncertainty:      0.035ns  ((TSJ^2 + TIJ^2)^1/2 + DJ) / 2 + PE
    Total System Jitter     (TSJ):    0.071ns
    Total Input Jitter      (TIJ):    0.000ns
    Discrete Jitter          (DJ):    0.000ns
    Phase Error              (PE):    0.000ns

    Location             Delay type                Incr(ns)  Path(ns)    Netlist Resource(s)
  -------------------------------------------------------------------    -------------------
                         (clock sys_clk_pin rise edge)
                                                      0.000     0.000 r  
    E3                                                0.000     0.000 r  CLK100MHZ (IN)
                         net (fo=0)                   0.000     0.000    CLK100MHZ
    E3                   IBUF (Prop_ibuf_I_O)         1.482     1.482 r  CLK100MHZ_IBUF_inst/O
                         net (fo=1, routed)           2.025     3.506    CLK100MHZ_IBUF
    BUFGCTRL_X0Y16       BUFG (Prop_bufg_I_O)         0.096     3.602 r  CLK100MHZ_IBUF_BUFG_inst/O
                         net (fo=2162, routed)        1.803     5.406    u_power_map/u_mulmod/CLK100MHZ_IBUF_BUFG
    SLICE_X47Y37         FDCE                                         r  u_power_map/u_mulmod/ra_reg[1]/C
  -------------------------------------------------------------------    -------------------
    SLICE_X47Y37         FDCE (Prop_fdce_C_Q)         0.456     5.862 r  u_power_map/u_mulmod/ra_reg[1]/Q
                         net (fo=6, routed)           0.784     6.646    u_power_map/u_mulmod/in21[2]
    SLICE_X41Y36         LUT2 (Prop_lut2_I1_O)        0.124     6.770 r  u_power_map/u_mulmod/acc[3]_i_10/O
                         net (fo=1, routed)           0.000     6.770    u_power_map/u_mulmod/acc[3]_i_10_n_0
    SLICE_X41Y36         CARRY4 (Prop_carry4_S[1]_CO[3])
                                                      0.550     7.320 r  u_power_map/u_mulmod/acc_reg[3]_i_3/CO[3]
                         net (fo=1, routed)           0.000     7.320    u_power_map/u_mulmod/acc_reg[3]_i_3_n_0
    SLICE_X41Y37         CARRY4 (Prop_carry4_CI_CO[3])
                                                      0.114     7.434 r  u_power_map/u_mulmod/acc_reg[7]_i_3/CO[3]
                         net (fo=1, routed)           0.000     7.434    u_power_map/u_mulmod/acc_reg[7]_i_3_n_0
    SLICE_X41Y38         CARRY4 (Prop_carry4_CI_CO[3])
                                                      0.114     7.548 r  u_power_map/u_mulmod/acc_reg[11]_i_3/CO[3]
                         net (fo=1, routed)           0.000     7.548    u_power_map/u_mulmod/acc_reg[11]_i_3_n_0
    SLICE_X41Y39         CARRY4 (Prop_carry4_CI_CO[3])
                                                      0.114     7.662 r  u_power_map/u_mulmod/acc_reg[15]_i_3/CO[3]
                         net (fo=1, routed)           0.000     7.662    u_power_map/u_mulmod/acc_reg[15]_i_3_n_0
    SLICE_X41Y40         CARRY4 (Prop_carry4_CI_CO[3])
                                                      0.114     7.776 r  u_power_map/u_mulmod/acc_reg[19]_i_3/CO[3]
                         net (fo=1, routed)           0.000     7.776    u_power_map/u_mulmod/acc_reg[19]_i_3_n_0
    SLICE_X41Y41         CARRY4 (Prop_carry4_CI_CO[3])
                                                      0.114     7.890 r  u_power_map/u_mulmod/acc_reg[23]_i_3/CO[3]
                         net (fo=1, routed)           0.000     7.890    u_power_map/u_mulmod/acc_reg[23]_i_3_n_0
    SLICE_X41Y42         CARRY4 (Prop_carry4_CI_CO[3])
                                                      0.114     8.004 r  u_power_map/u_mulmod/acc_reg[27]_i_3/CO[3]
                         net (fo=1, routed)           0.000     8.004    u_power_map/u_mulmod/acc_reg[27]_i_3_n_0
    SLICE_X41Y43         CARRY4 (Prop_carry4_CI_CO[3])
                                                      0.114     8.118 r  u_power_map/u_mulmod/acc_reg[31]_i_3/CO[3]
                         net (fo=1, routed)           0.000     8.118    u_power_map/u_mulmod/acc_reg[31]_i_3_n_0
    SLICE_X41Y44         CARRY4 (Prop_carry4_CI_CO[3])
                                                      0.114     8.232 r  u_power_map/u_mulmod/acc_reg[35]_i_3/CO[3]
                         net (fo=1, routed)           0.000     8.232    u_power_map/u_mulmod/acc_reg[35]_i_3_n_0
    SLICE_X41Y45         CARRY4 (Prop_carry4_CI_CO[3])
                                                      0.114     8.346 r  u_power_map/u_mulmod/acc_reg[39]_i_3/CO[3]
                         net (fo=1, routed)           0.000     8.346    u_power_map/u_mulmod/acc_reg[39]_i_3_n_0
    SLICE_X41Y46         CARRY4 (Prop_carry4_CI_CO[3])
                                                      0.114     8.460 r  u_power_map/u_mulmod/acc_reg[43]_i_3/CO[3]
                         net (fo=1, routed)           0.000     8.460    u_power_map/u_mulmod/acc_reg[43]_i_3_n_0
    SLICE_X41Y47         CARRY4 (Prop_carry4_CI_CO[3])
                                                      0.114     8.574 r  u_power_map/u_mulmod/acc_reg[47]_i_3/CO[3]
                         net (fo=1, routed)           0.000     8.574    u_power_map/u_mulmod/acc_reg[47]_i_3_n_0
    SLICE_X41Y48         CARRY4 (Prop_carry4_CI_CO[3])
                                                      0.114     8.688 r  u_power_map/u_mulmod/acc_reg[51]_i_3/CO[3]
                         net (fo=1, routed)           0.000     8.688    u_power_map/u_mulmod/acc_reg[51]_i_3_n_0
    SLICE_X41Y49         CARRY4 (Prop_carry4_CI_CO[3])
                                                      0.114     8.802 r  u_power_map/u_mulmod/acc_reg[55]_i_3/CO[3]
                         net (fo=1, routed)           0.001     8.802    u_power_map/u_mulmod/acc_reg[55]_i_3_n_0
    SLICE_X41Y50         CARRY4 (Prop_carry4_CI_O[0])
                                                      0.222     9.024 r  u_power_map/u_mulmod/acc_reg[59]_i_3/O[0]
                         net (fo=5, routed)           1.129    10.153    u_power_map/u_mulmod/acc_reg[59]_i_3_n_7
    SLICE_X43Y47         LUT5 (Prop_lut5_I0_O)        0.299    10.452 r  u_power_map/u_mulmod/acc[63]_i_25/O
                         net (fo=1, routed)           0.000    10.452    u_power_map/u_mulmod/acc[63]_i_25_n_0
    SLICE_X43Y47         CARRY4 (Prop_carry4_S[0]_CO[3])
                                                      0.532    10.984 r  u_power_map/u_mulmod/acc_reg[63]_i_15/CO[3]
                         net (fo=1, routed)           0.000    10.984    u_power_map/u_mulmod/acc_reg[63]_i_15_n_0
    SLICE_X43Y48         CARRY4 (Prop_carry4_CI_CO[0])
                                                      0.271    11.255 r  u_power_map/u_mulmod/acc_reg[63]_i_6/CO[0]
                         net (fo=64, routed)          1.167    12.422    u_power_map/u_mulmod/acc2
    SLICE_X43Y37         LUT5 (Prop_lut5_I2_O)        0.373    12.795 r  u_power_map/u_mulmod/acc[7]_i_1/O
                         net (fo=1, routed)           0.000    12.795    u_power_map/u_mulmod/acc[7]_i_1_n_0
    SLICE_X43Y37         FDCE                                         r  u_power_map/u_mulmod/acc_reg[7]/D
  -------------------------------------------------------------------    -------------------

                         (clock sys_clk_pin rise edge)
                                                     10.000    10.000 r  
    E3                                                0.000    10.000 r  CLK100MHZ (IN)
                         net (fo=0)                   0.000    10.000    CLK100MHZ
    E3                   IBUF (Prop_ibuf_I_O)         1.411    11.411 r  CLK100MHZ_IBUF_inst/O
                         net (fo=1, routed)           1.920    13.331    CLK100MHZ_IBUF
    BUFGCTRL_X0Y16       BUFG (Prop_bufg_I_O)         0.091    13.422 r  CLK100MHZ_IBUF_BUFG_inst/O
                         net (fo=2162, routed)        1.676    15.098    u_power_map/u_mulmod/CLK100MHZ_IBUF_BUFG
    SLICE_X43Y37         FDCE                                         r  u_power_map/u_mulmod/acc_reg[7]/C
                         clock pessimism              0.267    15.366    
                         clock uncertainty           -0.035    15.330    
    SLICE_X43Y37         FDCE (Setup_fdce_C_D)        0.032    15.362    u_power_map/u_mulmod/acc_reg[7]
  -------------------------------------------------------------------
                         required time                         15.362    
                         arrival time                         -12.795    
  -------------------------------------------------------------------
                         slack                                  2.568    





Min Delay Paths
--------------------------------------------------------------------------------------
Slack (MET) :             0.034ns  (arrival time - required time)
  Source:                 u_power_map/base_reg[59]/C
                            (rising edge-triggered cell FDCE clocked by sys_clk_pin  {rise@0.000ns fall@5.000ns period=10.000ns})
  Destination:            u_power_map/mul_a_reg[59]/D
                            (rising edge-triggered cell FDCE clocked by sys_clk_pin  {rise@0.000ns fall@5.000ns period=10.000ns})
  Path Group:             sys_clk_pin
  Path Type:              Hold (Min at Fast Process Corner)
  Requirement:            0.000ns  (sys_clk_pin rise@0.000ns - sys_clk_pin rise@0.000ns)
  Data Path Delay:        0.353ns  (logic 0.186ns (52.724%)  route 0.167ns (47.276%))
  Logic Levels:           1  (LUT5=1)
  Clock Path Skew:        0.197ns (DCD - SCD - CPR)
    Destination Clock Delay (DCD):    2.007ns
    Source Clock Delay      (SCD):    1.559ns
    Clock Pessimism Removal (CPR):    0.250ns

    Location             Delay type                Incr(ns)  Path(ns)    Netlist Resource(s)
  -------------------------------------------------------------------    -------------------
                         (clock sys_clk_pin rise edge)
                                                      0.000     0.000 r  
    E3                                                0.000     0.000 r  CLK100MHZ (IN)
                         net (fo=0)                   0.000     0.000    CLK100MHZ
    E3                   IBUF (Prop_ibuf_I_O)         0.250     0.250 r  CLK100MHZ_IBUF_inst/O
                         net (fo=1, routed)           0.644     0.894    CLK100MHZ_IBUF
    BUFGCTRL_X0Y16       BUFG (Prop_bufg_I_O)         0.026     0.920 r  CLK100MHZ_IBUF_BUFG_inst/O
                         net (fo=2162, routed)        0.639     1.559    u_power_map/CLK100MHZ_IBUF_BUFG
    SLICE_X32Y49         FDCE                                         r  u_power_map/base_reg[59]/C
  -------------------------------------------------------------------    -------------------
    SLICE_X32Y49         FDCE (Prop_fdce_C_Q)         0.141     1.700 r  u_power_map/base_reg[59]/Q
                         net (fo=2, routed)           0.167     1.867    u_power_map/base_reg_n_0_[59]
    SLICE_X34Y50         LUT5 (Prop_lut5_I3_O)        0.045     1.912 r  u_power_map/power_map_unit_LUT5_80/O
                         net (fo=1, routed)           0.000     1.912    u_power_map/mul_a0_in[59]
    SLICE_X34Y50         FDCE                                         r  u_power_map/mul_a_reg[59]/D
  -------------------------------------------------------------------    -------------------

                         (clock sys_clk_pin rise edge)
                                                      0.000     0.000 r  
    E3                                                0.000     0.000 r  CLK100MHZ (IN)
                         net (fo=0)                   0.000     0.000    CLK100MHZ
    E3                   IBUF (Prop_ibuf_I_O)         0.438     0.438 r  CLK100MHZ_IBUF_inst/O
                         net (fo=1, routed)           0.699     1.136    CLK100MHZ_IBUF
    BUFGCTRL_X0Y16       BUFG (Prop_bufg_I_O)         0.029     1.165 r  CLK100MHZ_IBUF_BUFG_inst/O
                         net (fo=2162, routed)        0.842     2.007    u_power_map/CLK100MHZ_IBUF_BUFG
    SLICE_X34Y50         FDCE                                         r  u_power_map/mul_a_reg[59]/C
                         clock pessimism             -0.250     1.756    
    SLICE_X34Y50         FDCE (Hold_fdce_C_D)         0.121     1.877    u_power_map/mul_a_reg[59]
  -------------------------------------------------------------------
                         required time                         -1.877    
                         arrival time                           1.912    
  -------------------------------------------------------------------
                         slack                                  0.034    





Pulse Width Checks
--------------------------------------------------------------------------------------
Clock Name:         sys_clk_pin
Waveform(ns):       { 0.000 5.000 }
Period(ns):         10.000
Sources:            { CLK100MHZ }

Check Type        Corner  Lib Pin             Reference Pin  Required(ns)  Actual(ns)  Slack(ns)  Location      Pin
Min Period        n/a     RAMB18E1/CLKARDCLK  n/a            2.944         10.000      7.056      RAMB18_X0Y14  edge_u_mem_reg/CLKARDCLK
Low Pulse Width   Slow    FDPE/C              n/a            0.500         5.000       4.500      SLICE_X30Y34  u_cmd/FSM_onehot_state_reg[0]/C
High Pulse Width  Slow    FDPE/C              n/a            0.500         5.000       4.500      SLICE_X30Y34  u_cmd/FSM_onehot_state_reg[0]/C



