Copyright 1986-2022 Xilinx, Inc. All Rights Reserved. Copyright 2022-2025 Advanced Micro Devices, Inc. All Rights Reserved.
---------------------------------------------------------------------------------------------------------------------------------------------
| Tool Version : Vivado v.2025.2 (win64) Build 6299465 Fri Nov 14 19:35:11 GMT 2025
| Date         : Sat Mar 14 12:33:18 2026
| Host         : DESKTOP-HU96KOB running 64-bit major release  (build 9200)
| Command      : report_timing_summary -file reports/post_synth_timing.rpt
| Design       : dcl_top
| Device       : 7a100t-csg324
| Speed File   : -1  PRODUCTION 1.23 2018-06-13
| Design State : Synthesized
---------------------------------------------------------------------------------------------------------------------------------------------

Timing Summary Report

------------------------------------------------------------------------------------------------
| Timer Settings
| --------------
------------------------------------------------------------------------------------------------

  Enable Multi Corner Analysis               :  Yes
  Enable Pessimism Removal                   :  Yes
  Pessimism Removal Resolution               :  Nearest Common Node
  Enable Input Delay Default Clock           :  No
  Enable Preset / Clear Arcs                 :  No
  Disable Flight Delays                      :  No
  Ignore I/O Paths                           :  No
  Timing Early Launch at Borrowing Latches   :  No
  Borrow Time for Max Delay Exceptions       :  Yes
  Merge Timing Exceptions                    :  Yes
  Inter-SLR Compensation                     :  Conservative

  Corner  Analyze    Analyze    
  Name    Max Paths  Min Paths  
  ------  ---------  ---------  
  Slow    Yes        Yes        
  Fast    Yes        Yes        


------------------------------------------------------------------------------------------------
| Report Methodology
| ------------------
------------------------------------------------------------------------------------------------

No report available as report_methodology has not been run prior. Run report_methodology on the current design for the summary of methodology violations.



check_timing report

Table of Contents
-----------------
1. checking no_clock (0)
2. checking constant_clock (0)
3. checking pulse_width_clock (0)
4. checking unconstrained_internal_endpoints (0)
5. checking no_input_delay (20)
6. checking no_output_delay (28)
7. checking multiple_clock (0)
8. checking generated_clocks (0)
9. checking loops (0)
10. checking partial_input_delay (0)
11. checking partial_output_delay (0)
12. checking latch_loops (0)

1. checking no_clock (0)
------------------------
 There are 0 register/latch pins with no clock.


2. checking constant_clock (0)
------------------------------
 There are 0 register/latch pins with constant_clock.


3. checking pulse_width_clock (0)
---------------------------------
 There are 0 register/latch pins which need pulse_width check


4. checking unconstrained_internal_endpoints (0)
------------------------------------------------
 There are 0 pins that are not constrained for maximum delay.

 There are 0 pins that are not constrained for maximum delay due to constant clock.


5. checking no_input_delay (20)
-------------------------------
 There are 20 input ports with no input delay specified. (HIGH)

 There are 0 input ports with no input delay but user has a false path constraint.


6. checking no_output_delay (28)
--------------------------------
 There are 28 ports with no output delay specified. (HIGH)

 There are 0 ports with no output delay but user has a false path constraint

 There are 0 ports with no output delay but with a timing clock defined on it or propagating through it


7. checking multiple_clock (0)
------------------------------
 There are 0 register/latch pins with multiple clocks.


8. checking generated_clocks (0)
--------------------------------
 There are 0 generated clocks that are not connected to a clock source.


9. checking loops (0)
---------------------
 There are 0 combinational loops in the design.


10. checking partial_input_delay (0)
------------------------------------
 There are 0 input ports with partial input delay specified.


11. checking partial_output_delay (0)
-------------------------------------
 There are 0 ports with partial output delay specified.


12. checking latch_loops (0)
----------------------------
 There are 0 combinational latch loops in the design through latch input



------------------------------------------------------------------------------------------------
| Design Timing Summary
| ---------------------
------------------------------------------------------------------------------------------------

    WNS(ns)      TNS(ns)  TNS Failing Endpoints  TNS Total Endpoints      WHS(ns)      THS(ns)  THS Failing Endpoints  THS Total Endpoints     WPWS(ns)     TPWS(ns)  TPWS Failing Endpoints  TPWS Total Endpoints  
    -------      -------  ---------------------  -------------------      -------      -------  ---------------------  -------------------     --------     --------  ----------------------  --------------------  
      3.779        0.000                      0                 4307        0.132        0.000                      0                 4307        4.500        0.000                       0                  2163  


All user specified timing constraints are met.


------------------------------------------------------------------------------------------------
| Clock Summary
| -------------
------------------------------------------------------------------------------------------------

Clock        Waveform(ns)       Period(ns)      Frequency(MHz)
-----        ------------       ----------      --------------
sys_clk_pin  {0.000 5.000}      10.000          100.000         


------------------------------------------------------------------------------------------------
| Intra Clock Table
| -----------------
------------------------------------------------------------------------------------------------

Clock             WNS(ns)      TNS(ns)  TNS Failing Endpoints  TNS Total Endpoints      WHS(ns)      THS(ns)  THS Failing Endpoints  THS Total Endpoints     WPWS(ns)     TPWS(ns)  TPWS Failing Endpoints  TPWS Total Endpoints  
-----             -------      -------  ---------------------  -------------------      -------      -------  ---------------------  -------------------     --------     --------  ----------------------  --------------------  
sys_clk_pin         3.779        0.000                      0                 4307        0.132        0.000                      0                 4307        4.500        0.000                       0                  2163  


------------------------------------------------------------------------------------------------
| Inter Clock Table
| -----------------
------------------------------------------------------------------------------------------------

From Clock    To Clock          WNS(ns)      TNS(ns)  TNS Failing Endpoints  TNS Total Endpoints      WHS(ns)      THS(ns)  THS Failing Endpoints  THS Total Endpoints  
----------    --------          -------      -------  ---------------------  -------------------      -------      -------  ---------------------  -------------------  


------------------------------------------------------------------------------------------------
| Other Path Groups Table
| -----------------------
------------------------------------------------------------------------------------------------

Path Group    From Clock    To Clock          WNS(ns)      TNS(ns)  TNS Failing Endpoints  TNS Total Endpoints      WHS(ns)      THS(ns)  THS Failing Endpoints  THS Total Endpoints  
----------    ----------    --------          -------      -------  ---------------------  -------------------      -------      -------  ---------------------  -------------------  


------------------------------------------------------------------------------------------------
| Timing Details
| --------------
------------------------------------------------------------------------------------------------


---------------------------------------------------------------------------------------------------
From Clock:  sys_clk_pin
  To Clock:  sys_clk_pin

Setup :            0  Failing Endpoints,  Worst Slack        3.779ns,  Total Violation        0.000ns
Hold  :            0  Failing Endpoints,  Worst Slack        0.132ns,  Total Violation        0.000ns
PW    :            0  Failing Endpoints,  Worst Slack        4.500ns,  Total Violation        0.000ns
---------------------------------------------------------------------------------------------------


Max Delay Paths
--------------------------------------------------------------------------------------
Slack (MET) :             3.779ns  (required time - arrival time)
  Source:                 u_power_map/u_mulmod/acc_reg[1]/C
                            (rising edge-triggered cell FDCE clocked by sys_clk_pin  {rise@0.000ns fall@5.000ns period=10.000ns})
  Destination:            u_power_map/u_mulmod/acc_reg[61]/D
                            (rising edge-triggered cell FDCE clocked by sys_clk_pin  {rise@0.000ns fall@5.000ns period=10.000ns})
  Path Group:             sys_clk_pin
  Path Type:              Setup (Max at Slow Process Corner)
  Requirement:            10.000ns  (sys_clk_pin rise@10.000ns - sys_clk_pin rise@0.000ns)
  Data Path Delay:        6.085ns  (logic 4.646ns (76.352%)  route 1.439ns (23.648%))
  Logic Levels:           20  (CARRY4=17 LUT2=1 LUT3=1 LUT5=1)
  Clock Path Skew:        -0.145ns (DCD - SCD + CPR)
    Destination Clock Delay (DCD):    2.704ns = ( 12.704 - 10.000 ) 
    Source Clock Delay      (SCD):    2.965ns
    Clock Pessimism Removal (CPR):    0.116ns
  Clock Uncertainty:      0.035ns  ((TSJ^2 + TIJ^2)^1/2 + DJ) / 2 + PE
    Total System Jitter     (TSJ):    0.071ns
    Total Input Jitter      (TIJ):    0.000ns
    Discrete Jitter          (DJ):    0.000ns
    Phase Error              (PE):    0.000ns

    Location             Delay type                Incr(ns)  Path(ns)    Netlist Resource(s)
  -------------------------------------------------------------------    -------------------
                         (clock sys_clk_pin rise edge)
                                                      0.000     0.000 r  
    E3                                                0.000     0.000 r  CLK100MHZ (IN)
                         net (fo=0)                   0.000     0.000    CLK100MHZ
    E3                   IBUF (Prop_ibuf_I_O)         1.482     1.482 r  CLK100MHZ_IBUF_inst/O
                         net (fo=1, unplaced)         0.803     2.285    CLK100MHZ_IBUF
                         BUFG (Prop_bufg_I_O)         0.096     2.381 r  CLK100MHZ_IBUF_BUFG_inst/O
                         net (fo=2162, unplaced)      0.584     2.965    u_power_map/u_mulmod/CLK100MHZ_IBUF_BUFG
                         FDCE                                         r  u_power_map/u_mulmod/acc_reg[1]/C
  -------------------------------------------------------------------    -------------------
                         FDCE (Prop_fdce_C_Q)         0.478     3.443 r  u_power_map/u_mulmod/acc_reg[1]/Q
                         net (fo=3, unplaced)         0.488     3.931    u_power_map/u_mulmod/acc_reg_n_0_[1]
                         LUT2 (Prop_lut2_I0_O)        0.295     4.226 r  u_power_map/u_mulmod/acc[3]_i_10/O
                         net (fo=1, unplaced)         0.000     4.226    u_power_map/u_mulmod/acc[3]_i_10_n_0
                         CARRY4 (Prop_carry4_S[1]_CO[3])
                                                      0.533     4.759 r  u_power_map/u_mulmod/acc_reg[3]_i_3/CO[3]
                         net (fo=1, unplaced)         0.000     4.759    u_power_map/u_mulmod/acc_reg[3]_i_3_n_0
                         CARRY4 (Prop_carry4_CI_CO[3])
                                                      0.117     4.876 r  u_power_map/u_mulmod/acc_reg[7]_i_3/CO[3]
                         net (fo=1, unplaced)         0.000     4.876    u_power_map/u_mulmod/acc_reg[7]_i_3_n_0
                         CARRY4 (Prop_carry4_CI_CO[3])
                                                      0.117     4.993 r  u_power_map/u_mulmod/acc_reg[11]_i_3/CO[3]
                         net (fo=1, unplaced)         0.000     4.993    u_power_map/u_mulmod/acc_reg[11]_i_3_n_0
                         CARRY4 (Prop_carry4_CI_CO[3])
                                                      0.117     5.110 r  u_power_map/u_mulmod/acc_reg[15]_i_3/CO[3]
                         net (fo=1, unplaced)         0.000     5.110    u_power_map/u_mulmod/acc_reg[15]_i_3_n_0
                         CARRY4 (Prop_carry4_CI_CO[3])
                                                      0.117     5.227 r  u_power_map/u_mulmod/acc_reg[19]_i_3/CO[3]
                         net (fo=1, unplaced)         0.000     5.227    u_power_map/u_mulmod/acc_reg[19]_i_3_n_0
                         CARRY4 (Prop_carry4_CI_CO[3])
                                                      0.117     5.344 r  u_power_map/u_mulmod/acc_reg[23]_i_3/CO[3]
                         net (fo=1, unplaced)         0.000     5.344    u_power_map/u_mulmod/acc_reg[23]_i_3_n_0
                         CARRY4 (Prop_carry4_CI_CO[3])
                                                      0.117     5.461 r  u_power_map/u_mulmod/acc_reg[27]_i_3/CO[3]
                         net (fo=1, unplaced)         0.000     5.461    u_power_map/u_mulmod/acc_reg[27]_i_3_n_0
                         CARRY4 (Prop_carry4_CI_CO[3])
                                                      0.117     5.578 r  u_power_map/u_mulmod/acc_reg[31]_i_3/CO[3]
                         net (fo=1, unplaced)         0.000     5.578    u_power_map/u_mulmod/acc_reg[31]_i_3_n_0
                         CARRY4 (Prop_carry4_CI_CO[3])
                                                      0.117     5.695 r  u_power_map/u_mulmod/acc_reg[35]_i_3/CO[3]
                         net (fo=1, unplaced)         0.000     5.695    u_power_map/u_mulmod/acc_reg[35]_i_3_n_0
                         CARRY4 (Prop_carry4_CI_CO[3])
                                                      0.117     5.812 r  u_power_map/u_mulmod/acc_reg[39]_i_3/CO[3]
                         net (fo=1, unplaced)         0.000     5.812    u_power_map/u_mulmod/acc_reg[39]_i_3_n_0
                         CARRY4 (Prop_carry4_CI_CO[3])
                                                      0.117     5.929 r  u_power_map/u_mulmod/acc_reg[43]_i_3/CO[3]
                         net (fo=1, unplaced)         0.000     5.929    u_power_map/u_mulmod/acc_reg[43]_i_3_n_0
                         CARRY4 (Prop_carry4_CI_CO[3])
                                                      0.117     6.046 r  u_power_map/u_mulmod/acc_reg[47]_i_3/CO[3]
                         net (fo=1, unplaced)         0.000     6.046    u_power_map/u_mulmod/acc_reg[47]_i_3_n_0
                         CARRY4 (Prop_carry4_CI_CO[3])
                                                      0.117     6.163 r  u_power_map/u_mulmod/acc_reg[51]_i_3/CO[3]
                         net (fo=1, unplaced)         0.000     6.163    u_power_map/u_mulmod/acc_reg[51]_i_3_n_0
                         CARRY4 (Prop_carry4_CI_CO[3])
                                                      0.117     6.280 r  u_power_map/u_mulmod/acc_reg[55]_i_3/CO[3]
                         net (fo=1, unplaced)         0.000     6.280    u_power_map/u_mulmod/acc_reg[55]_i_3_n_0
                         CARRY4 (Prop_carry4_CI_O[1])
                                                      0.337     6.617 r  u_power_map/u_mulmod/acc_reg[59]_i_3/O[1]
                         net (fo=5, unplaced)         0.340     6.957    u_power_map/u_mulmod/acc_reg[59]_i_3_n_6
                         LUT3 (Prop_lut3_I0_O)        0.306     7.263 r  u_power_map/u_mulmod/acc[59]_i_6/O
                         net (fo=1, unplaced)         0.000     7.263    u_power_map/u_mulmod/acc[59]_i_6_n_0
                         CARRY4 (Prop_carry4_S[1]_CO[3])
                                                      0.533     7.796 r  u_power_map/u_mulmod/acc_reg[59]_i_2/CO[3]
                         net (fo=1, unplaced)         0.000     7.796    u_power_map/u_mulmod/acc_reg[59]_i_2_n_0
                         CARRY4 (Prop_carry4_CI_O[1])
                                                      0.337     8.133 r  u_power_map/u_mulmod/acc_reg[63]_i_4/O[1]
                         net (fo=1, unplaced)         0.611     8.744    u_power_map/u_mulmod/acc1__0[61]
                         LUT5 (Prop_lut5_I0_O)        0.306     9.050 r  u_power_map/u_mulmod/acc[61]_i_1/O
                         net (fo=1, unplaced)         0.000     9.050    u_power_map/u_mulmod/acc[61]_i_1_n_0
                         FDCE                                         r  u_power_map/u_mulmod/acc_reg[61]/D
  -------------------------------------------------------------------    -------------------

                         (clock sys_clk_pin rise edge)
                                                     10.000    10.000 r  
    E3                                                0.000    10.000 r  CLK100MHZ (IN)
                         net (fo=0)                   0.000    10.000    CLK100MHZ
    E3                   IBUF (Prop_ibuf_I_O)         1.411    11.411 r  CLK100MHZ_IBUF_inst/O
                         net (fo=1, unplaced)         0.763    12.174    CLK100MHZ_IBUF
                         BUFG (Prop_bufg_I_O)         0.091    12.265 r  CLK100MHZ_IBUF_BUFG_inst/O
                         net (fo=2162, unplaced)      0.439    12.704    u_power_map/u_mulmod/CLK100MHZ_IBUF_BUFG
                         FDCE                                         r  u_power_map/u_mulmod/acc_reg[61]/C
                         clock pessimism              0.116    12.820    
                         clock uncertainty           -0.035    12.784    
                         FDCE (Setup_fdce_C_D)        0.044    12.828    u_power_map/u_mulmod/acc_reg[61]
  -------------------------------------------------------------------
                         required time                         12.828    
                         arrival time                          -9.050    
  -------------------------------------------------------------------
                         slack                                  3.779    





Min Delay Paths
--------------------------------------------------------------------------------------
Slack (MET) :             0.132ns  (arrival time - required time)
  Source:                 u_power_map/result_reg[32]/C
                            (rising edge-triggered cell FDCE clocked by sys_clk_pin  {rise@0.000ns fall@5.000ns period=10.000ns})
  Destination:            u_cmd/resp_reg[4][0]/D
                            (rising edge-triggered cell FDCE clocked by sys_clk_pin  {rise@0.000ns fall@5.000ns period=10.000ns})
  Path Group:             sys_clk_pin
  Path Type:              Hold (Min at Fast Process Corner)
  Requirement:            0.000ns  (sys_clk_pin rise@0.000ns - sys_clk_pin rise@0.000ns)
  Data Path Delay:        0.376ns  (logic 0.245ns (65.144%)  route 0.131ns (34.856%))
  Logic Levels:           1  (LUT3=1)
  Clock Path Skew:        0.145ns (DCD - SCD - CPR)
    Destination Clock Delay (DCD):    1.082ns
    Source Clock Delay      (SCD):    0.728ns
    Clock Pessimism Removal (CPR):    0.209ns

    Location             Delay type                Incr(ns)  Path(ns)    Netlist Resource(s)
  -------------------------------------------------------------------    -------------------
                         (clock sys_clk_pin rise edge)
                                                      0.000     0.000 r  
    E3                                                0.000     0.000 r  CLK100MHZ (IN)
                         net (fo=0)                   0.000     0.000    CLK100MHZ
    E3                   IBUF (Prop_ibuf_I_O)         0.250     0.250 r  CLK100MHZ_IBUF_inst/O
                         net (fo=1, unplaced)         0.338     0.588    CLK100MHZ_IBUF
                         BUFG (Prop_bufg_I_O)         0.026     0.614 r  CLK100MHZ_IBUF_BUFG_inst/O
                         net (fo=2162, unplaced)      0.114     0.728    u_power_map/CLK100MHZ_IBUF_BUFG
                         FDCE                                         r  u_power_map/result_reg[32]/C
  -------------------------------------------------------------------    -------------------
                         FDCE (Prop_fdce_C_Q)         0.147     0.875 r  u_power_map/result_reg[32]/Q
                         net (fo=1, unplaced)         0.131     1.006    u_gcd/resp_reg[7][7][16]
                         LUT3 (Prop_lut3_I2_O)        0.098     1.104 r  u_gcd/resp[4][0]_i_1/O
                         net (fo=1, unplaced)         0.000     1.104    u_cmd/resp_reg[4][7]_0[0]
                         FDCE                                         r  u_cmd/resp_reg[4][0]/D
  -------------------------------------------------------------------    -------------------

                         (clock sys_clk_pin rise edge)
                                                      0.000     0.000 r  
    E3                                                0.000     0.000 r  CLK100MHZ (IN)
                         net (fo=0)                   0.000     0.000    CLK100MHZ
    E3                   IBUF (Prop_ibuf_I_O)         0.438     0.438 r  CLK100MHZ_IBUF_inst/O
                         net (fo=1, unplaced)         0.356     0.794    CLK100MHZ_IBUF
                         BUFG (Prop_bufg_I_O)         0.029     0.823 r  CLK100MHZ_IBUF_BUFG_inst/O
                         net (fo=2162, unplaced)      0.259     1.082    u_cmd/CLK100MHZ_IBUF_BUFG
                         FDCE                                         r  u_cmd/resp_reg[4][0]/C
                         clock pessimism             -0.209     0.873    
                         FDCE (Hold_fdce_C_D)         0.099     0.972    u_cmd/resp_reg[4][0]
  -------------------------------------------------------------------
                         required time                         -0.972    
                         arrival time                           1.104    
  -------------------------------------------------------------------
                         slack                                  0.132    





Pulse Width Checks
--------------------------------------------------------------------------------------
Clock Name:         sys_clk_pin
Waveform(ns):       { 0.000 5.000 }
Period(ns):         10.000
Sources:            { CLK100MHZ }

Check Type        Corner  Lib Pin             Reference Pin  Required(ns)  Actual(ns)  Slack(ns)  Location  Pin
Min Period        n/a     RAMB18E1/CLKARDCLK  n/a            2.944         10.000      7.056                edge_u_mem_reg/CLKARDCLK
Low Pulse Width   Slow    FDPE/C              n/a            0.500         5.000       4.500                u_cmd/FSM_onehot_state_reg[0]/C
High Pulse Width  Slow    FDPE/C              n/a            0.500         5.000       4.500                u_cmd/FSM_onehot_state_reg[0]/C



