#-----------------------------------------------------------
# Vivado v2025.2 (64-bit)
# SW Build 6299465 on Fri Nov 14 19:35:11 GMT 2025
# IP Build 6300035 on Fri Nov 14 10:48:45 MST 2025
# SharedData Build 6298862 on Thu Nov 13 04:50:51 MST 2025
# Start of session at: Sat Mar 14 12:10:36 2026
# Process ID         : 43100
# Current directory  : C:/Users/cylab win/Documents/DCL/dcl-fpga
# Command line       : vivado.exe -mode batch -source scripts/build.tcl
# Log file           : C:/Users/cylab win/Documents/DCL/dcl-fpga/vivado.log
# Journal file       : C:/Users/cylab win/Documents/DCL/dcl-fpga\vivado.jou
# Running On         : DESKTOP-HU96KOB
# Platform           : Windows Server 2016 or Windows 10
# Operating System   : 26200
# Processor Detail   : 12th Gen Intel(R) Core(TM) i7-12700
# CPU Frequency      : 2112 MHz
# CPU Physical cores : 12
# CPU Logical cores  : 20
# Host memory        : 34018 MB
# Swap memory        : 88057 MB
# Total Virtual      : 122075 MB
# Available Virtual  : 83286 MB
#-----------------------------------------------------------
source scripts/build.tcl
# set project_name "dcl_fpga"
# set part "xc7a100tcsg324-1"
# set top "dcl_top"
# set rtl_files [glob rtl/*.v]
# set xdc_file "constraints/nexys4ddr.xdc"
# file mkdir reports
# file mkdir output
# create_project -in_memory -part $part
# foreach f $rtl_files {
#     read_verilog $f
# }
# read_xdc $xdc_file
# synth_design -top $top -part $part
Command: synth_design -top dcl_top -part xc7a100tcsg324-1
Starting synth_design
Attempting to get a license for feature 'Synthesis' and/or device 'xc7a100t'
INFO: [Common 17-349] Got license for feature 'Synthesis' and/or device 'xc7a100t'
INFO: [Device 21-403] Loading part xc7a100tcsg324-1
INFO: [Synth 8-7079] Multithreading enabled for synth_design using a maximum of 2 processes.
INFO: [Synth 8-7078] Launching helper process for spawning children vivado processes
INFO: [Synth 8-7075] Helper process launched with PID 42776
---------------------------------------------------------------------------------
Starting RTL Elaboration : Time (s): cpu = 00:00:04 ; elapsed = 00:00:04 . Memory (MB): peak = 1272.031 ; gain = 541.449
---------------------------------------------------------------------------------
INFO: [Synth 8-6157] synthesizing module 'dcl_top' [C:/Users/cylab win/Documents/DCL/dcl-fpga/rtl/dcl_top.v:5]
INFO: [Synth 8-6157] synthesizing module 'uart_rx' [C:/Users/cylab win/Documents/DCL/dcl-fpga/rtl/uart_rx.v:5]
INFO: [Synth 8-6155] done synthesizing module 'uart_rx' (0#1) [C:/Users/cylab win/Documents/DCL/dcl-fpga/rtl/uart_rx.v:5]
INFO: [Synth 8-6157] synthesizing module 'uart_tx' [C:/Users/cylab win/Documents/DCL/dcl-fpga/rtl/uart_tx.v:4]
INFO: [Synth 8-6155] done synthesizing module 'uart_tx' (0#1) [C:/Users/cylab win/Documents/DCL/dcl-fpga/rtl/uart_tx.v:4]
INFO: [Synth 8-6157] synthesizing module 'gcd_unit' [C:/Users/cylab win/Documents/DCL/dcl-fpga/rtl/gcd_unit.v:8]
INFO: [Synth 8-226] default block is never used [C:/Users/cylab win/Documents/DCL/dcl-fpga/rtl/gcd_unit.v:62]
INFO: [Synth 8-6155] done synthesizing module 'gcd_unit' (0#1) [C:/Users/cylab win/Documents/DCL/dcl-fpga/rtl/gcd_unit.v:8]
INFO: [Synth 8-6157] synthesizing module 'power_map_unit' [C:/Users/cylab win/Documents/DCL/dcl-fpga/rtl/power_map_unit.v:8]
INFO: [Synth 8-6157] synthesizing module 'mulmod_64' [C:/Users/cylab win/Documents/DCL/dcl-fpga/rtl/mulmod_64.v:14]
INFO: [Synth 8-6155] done synthesizing module 'mulmod_64' (0#1) [C:/Users/cylab win/Documents/DCL/dcl-fpga/rtl/mulmod_64.v:14]
INFO: [Synth 8-6155] done synthesizing module 'power_map_unit' (0#1) [C:/Users/cylab win/Documents/DCL/dcl-fpga/rtl/power_map_unit.v:8]
INFO: [Synth 8-6157] synthesizing module 'coprime_checker' [C:/Users/cylab win/Documents/DCL/dcl-fpga/rtl/coprime_checker.v:7]
INFO: [Synth 8-6155] done synthesizing module 'coprime_checker' (0#1) [C:/Users/cylab win/Documents/DCL/dcl-fpga/rtl/coprime_checker.v:7]
INFO: [Synth 8-6157] synthesizing module 'cmd_dispatch' [C:/Users/cylab win/Documents/DCL/dcl-fpga/rtl/cmd_dispatch.v:6]
INFO: [Synth 8-155] case statement is not full and has no default [C:/Users/cylab win/Documents/DCL/dcl-fpga/rtl/cmd_dispatch.v:122]
INFO: [Synth 8-6155] done synthesizing module 'cmd_dispatch' (0#1) [C:/Users/cylab win/Documents/DCL/dcl-fpga/rtl/cmd_dispatch.v:6]
INFO: [Synth 8-6157] synthesizing module 'demo_ctrl' [C:/Users/cylab win/Documents/DCL/dcl-fpga/rtl/demo_ctrl.v:9]
INFO: [Synth 8-6155] done synthesizing module 'demo_ctrl' (0#1) [C:/Users/cylab win/Documents/DCL/dcl-fpga/rtl/demo_ctrl.v:9]
INFO: [Synth 8-6157] synthesizing module 'seven_seg' [C:/Users/cylab win/Documents/DCL/dcl-fpga/rtl/seven_seg.v:7]
INFO: [Synth 8-226] default block is never used [C:/Users/cylab win/Documents/DCL/dcl-fpga/rtl/seven_seg.v:50]
INFO: [Synth 8-6155] done synthesizing module 'seven_seg' (0#1) [C:/Users/cylab win/Documents/DCL/dcl-fpga/rtl/seven_seg.v:7]
INFO: [Synth 8-6155] done synthesizing module 'dcl_top' (0#1) [C:/Users/cylab win/Documents/DCL/dcl-fpga/rtl/dcl_top.v:5]
WARNING: [Synth 8-6014] Unused sequential element label_v_reg was removed.  [C:/Users/cylab win/Documents/DCL/dcl-fpga/rtl/coprime_checker.v:62]
WARNING: [Synth 8-6014] Unused sequential element vert_u_reg was removed.  [C:/Users/cylab win/Documents/DCL/dcl-fpga/rtl/coprime_checker.v:94]
WARNING: [Synth 8-7137] Register vert_v_reg in module coprime_checker has both Set and reset with same priority. This may cause simulation mismatches. Consider rewriting code  [C:/Users/cylab win/Documents/DCL/dcl-fpga/rtl/coprime_checker.v:95]
WARNING: [Synth 8-6014] Unused sequential element payload_reg[20] was removed.  [C:/Users/cylab win/Documents/DCL/dcl-fpga/rtl/cmd_dispatch.v:111]
WARNING: [Synth 8-6014] Unused sequential element payload_reg[21] was removed.  [C:/Users/cylab win/Documents/DCL/dcl-fpga/rtl/cmd_dispatch.v:111]
WARNING: [Synth 8-6014] Unused sequential element payload_reg[22] was removed.  [C:/Users/cylab win/Documents/DCL/dcl-fpga/rtl/cmd_dispatch.v:111]
WARNING: [Synth 8-6014] Unused sequential element payload_reg[23] was removed.  [C:/Users/cylab win/Documents/DCL/dcl-fpga/rtl/cmd_dispatch.v:111]
WARNING: [Synth 8-6014] Unused sequential element payload_reg[24] was removed.  [C:/Users/cylab win/Documents/DCL/dcl-fpga/rtl/cmd_dispatch.v:111]
WARNING: [Synth 8-6014] Unused sequential element payload_reg[25] was removed.  [C:/Users/cylab win/Documents/DCL/dcl-fpga/rtl/cmd_dispatch.v:111]
WARNING: [Synth 8-6014] Unused sequential element payload_reg[26] was removed.  [C:/Users/cylab win/Documents/DCL/dcl-fpga/rtl/cmd_dispatch.v:111]
WARNING: [Synth 8-6014] Unused sequential element payload_reg[27] was removed.  [C:/Users/cylab win/Documents/DCL/dcl-fpga/rtl/cmd_dispatch.v:111]
WARNING: [Synth 8-6014] Unused sequential element payload_reg[28] was removed.  [C:/Users/cylab win/Documents/DCL/dcl-fpga/rtl/cmd_dispatch.v:111]
WARNING: [Synth 8-6014] Unused sequential element payload_reg[29] was removed.  [C:/Users/cylab win/Documents/DCL/dcl-fpga/rtl/cmd_dispatch.v:111]
WARNING: [Synth 8-6014] Unused sequential element payload_reg[30] was removed.  [C:/Users/cylab win/Documents/DCL/dcl-fpga/rtl/cmd_dispatch.v:111]
WARNING: [Synth 8-6014] Unused sequential element payload_reg[31] was removed.  [C:/Users/cylab win/Documents/DCL/dcl-fpga/rtl/cmd_dispatch.v:111]
WARNING: [Synth 8-7137] Register gcd_a_reg in module cmd_dispatch has both Set and reset with same priority. This may cause simulation mismatches. Consider rewriting code  [C:/Users/cylab win/Documents/DCL/dcl-fpga/rtl/cmd_dispatch.v:157]
WARNING: [Synth 8-7137] Register gcd_b_reg in module cmd_dispatch has both Set and reset with same priority. This may cause simulation mismatches. Consider rewriting code  [C:/Users/cylab win/Documents/DCL/dcl-fpga/rtl/cmd_dispatch.v:159]
WARNING: [Synth 8-7137] Register pm_x_reg in module cmd_dispatch has both Set and reset with same priority. This may cause simulation mismatches. Consider rewriting code  [C:/Users/cylab win/Documents/DCL/dcl-fpga/rtl/cmd_dispatch.v:167]
WARNING: [Synth 8-7137] Register pm_m_reg in module cmd_dispatch has both Set and reset with same priority. This may cause simulation mismatches. Consider rewriting code  [C:/Users/cylab win/Documents/DCL/dcl-fpga/rtl/cmd_dispatch.v:169]
WARNING: [Synth 8-7137] Register pm_modulus_reg in module cmd_dispatch has both Set and reset with same priority. This may cause simulation mismatches. Consider rewriting code  [C:/Users/cylab win/Documents/DCL/dcl-fpga/rtl/cmd_dispatch.v:170]
WARNING: [Synth 8-7137] Register bram_label_waddr_reg in module cmd_dispatch has both Set and reset with same priority. This may cause simulation mismatches. Consider rewriting code  [C:/Users/cylab win/Documents/DCL/dcl-fpga/rtl/cmd_dispatch.v:178]
WARNING: [Synth 8-7137] Register bram_label_wdata_reg in module cmd_dispatch has both Set and reset with same priority. This may cause simulation mismatches. Consider rewriting code  [C:/Users/cylab win/Documents/DCL/dcl-fpga/rtl/cmd_dispatch.v:179]
WARNING: [Synth 8-7137] Register bram_edge_waddr_reg in module cmd_dispatch has both Set and reset with same priority. This may cause simulation mismatches. Consider rewriting code  [C:/Users/cylab win/Documents/DCL/dcl-fpga/rtl/cmd_dispatch.v:193]
WARNING: [Synth 8-7137] Register bram_edge_u_wdata_reg in module cmd_dispatch has both Set and reset with same priority. This may cause simulation mismatches. Consider rewriting code  [C:/Users/cylab win/Documents/DCL/dcl-fpga/rtl/cmd_dispatch.v:194]
WARNING: [Synth 8-7137] Register bram_edge_v_wdata_reg in module cmd_dispatch has both Set and reset with same priority. This may cause simulation mismatches. Consider rewriting code  [C:/Users/cylab win/Documents/DCL/dcl-fpga/rtl/cmd_dispatch.v:195]
WARNING: [Synth 8-7137] Register cc_num_edges_reg in module cmd_dispatch has both Set and reset with same priority. This may cause simulation mismatches. Consider rewriting code  [C:/Users/cylab win/Documents/DCL/dcl-fpga/rtl/cmd_dispatch.v:207]
WARNING: [Synth 8-6014] Unused sequential element debounce_d_reg was removed.  [C:/Users/cylab win/Documents/DCL/dcl-fpga/rtl/demo_ctrl.v:56]
WARNING: [Synth 8-6014] Unused sequential element btnd_prev_reg was removed.  [C:/Users/cylab win/Documents/DCL/dcl-fpga/rtl/demo_ctrl.v:56]
WARNING: [Synth 8-7137] Register gcd_a_reg in module demo_ctrl has both Set and reset with same priority. This may cause simulation mismatches. Consider rewriting code  [C:/Users/cylab win/Documents/DCL/dcl-fpga/rtl/demo_ctrl.v:99]
WARNING: [Synth 8-7137] Register gcd_b_reg in module demo_ctrl has both Set and reset with same priority. This may cause simulation mismatches. Consider rewriting code  [C:/Users/cylab win/Documents/DCL/dcl-fpga/rtl/demo_ctrl.v:100]
WARNING: [Synth 8-7137] Register pm_x_reg in module demo_ctrl has both Set and reset with same priority. This may cause simulation mismatches. Consider rewriting code  [C:/Users/cylab win/Documents/DCL/dcl-fpga/rtl/demo_ctrl.v:106]
WARNING: [Synth 8-7137] Register pm_m_reg in module demo_ctrl has both Set and reset with same priority. This may cause simulation mismatches. Consider rewriting code  [C:/Users/cylab win/Documents/DCL/dcl-fpga/rtl/demo_ctrl.v:107]
WARNING: [Synth 8-7137] Register pm_modulus_reg in module demo_ctrl has both Set and reset with same priority. This may cause simulation mismatches. Consider rewriting code  [C:/Users/cylab win/Documents/DCL/dcl-fpga/rtl/demo_ctrl.v:108]
WARNING: [Synth 8-7129] Port btnd in module demo_ctrl is either unconnected or has no load
WARNING: [Synth 8-7129] Port gcd_result[63] in module demo_ctrl is either unconnected or has no load
WARNING: [Synth 8-7129] Port gcd_result[62] in module demo_ctrl is either unconnected or has no load
WARNING: [Synth 8-7129] Port gcd_result[61] in module demo_ctrl is either unconnected or has no load
WARNING: [Synth 8-7129] Port gcd_result[60] in module demo_ctrl is either unconnected or has no load
WARNING: [Synth 8-7129] Port gcd_result[59] in module demo_ctrl is either unconnected or has no load
WARNING: [Synth 8-7129] Port gcd_result[58] in module demo_ctrl is either unconnected or has no load
WARNING: [Synth 8-7129] Port gcd_result[57] in module demo_ctrl is either unconnected or has no load
WARNING: [Synth 8-7129] Port gcd_result[56] in module demo_ctrl is either unconnected or has no load
WARNING: [Synth 8-7129] Port gcd_result[55] in module demo_ctrl is either unconnected or has no load
WARNING: [Synth 8-7129] Port gcd_result[54] in module demo_ctrl is either unconnected or has no load
WARNING: [Synth 8-7129] Port gcd_result[53] in module demo_ctrl is either unconnected or has no load
WARNING: [Synth 8-7129] Port gcd_result[52] in module demo_ctrl is either unconnected or has no load
WARNING: [Synth 8-7129] Port gcd_result[51] in module demo_ctrl is either unconnected or has no load
WARNING: [Synth 8-7129] Port gcd_result[50] in module demo_ctrl is either unconnected or has no load
WARNING: [Synth 8-7129] Port gcd_result[49] in module demo_ctrl is either unconnected or has no load
WARNING: [Synth 8-7129] Port gcd_result[48] in module demo_ctrl is either unconnected or has no load
WARNING: [Synth 8-7129] Port gcd_result[47] in module demo_ctrl is either unconnected or has no load
WARNING: [Synth 8-7129] Port gcd_result[46] in module demo_ctrl is either unconnected or has no load
WARNING: [Synth 8-7129] Port gcd_result[45] in module demo_ctrl is either unconnected or has no load
WARNING: [Synth 8-7129] Port gcd_result[44] in module demo_ctrl is either unconnected or has no load
WARNING: [Synth 8-7129] Port gcd_result[43] in module demo_ctrl is either unconnected or has no load
WARNING: [Synth 8-7129] Port gcd_result[42] in module demo_ctrl is either unconnected or has no load
WARNING: [Synth 8-7129] Port gcd_result[41] in module demo_ctrl is either unconnected or has no load
WARNING: [Synth 8-7129] Port gcd_result[40] in module demo_ctrl is either unconnected or has no load
WARNING: [Synth 8-7129] Port gcd_result[39] in module demo_ctrl is either unconnected or has no load
WARNING: [Synth 8-7129] Port gcd_result[38] in module demo_ctrl is either unconnected or has no load
WARNING: [Synth 8-7129] Port gcd_result[37] in module demo_ctrl is either unconnected or has no load
WARNING: [Synth 8-7129] Port gcd_result[36] in module demo_ctrl is either unconnected or has no load
WARNING: [Synth 8-7129] Port gcd_result[35] in module demo_ctrl is either unconnected or has no load
WARNING: [Synth 8-7129] Port gcd_result[34] in module demo_ctrl is either unconnected or has no load
WARNING: [Synth 8-7129] Port gcd_result[33] in module demo_ctrl is either unconnected or has no load
WARNING: [Synth 8-7129] Port gcd_result[32] in module demo_ctrl is either unconnected or has no load
WARNING: [Synth 8-7129] Port pm_result[63] in module demo_ctrl is either unconnected or has no load
WARNING: [Synth 8-7129] Port pm_result[62] in module demo_ctrl is either unconnected or has no load
WARNING: [Synth 8-7129] Port pm_result[61] in module demo_ctrl is either unconnected or has no load
WARNING: [Synth 8-7129] Port pm_result[60] in module demo_ctrl is either unconnected or has no load
WARNING: [Synth 8-7129] Port pm_result[59] in module demo_ctrl is either unconnected or has no load
WARNING: [Synth 8-7129] Port pm_result[58] in module demo_ctrl is either unconnected or has no load
WARNING: [Synth 8-7129] Port pm_result[57] in module demo_ctrl is either unconnected or has no load
WARNING: [Synth 8-7129] Port pm_result[56] in module demo_ctrl is either unconnected or has no load
WARNING: [Synth 8-7129] Port pm_result[55] in module demo_ctrl is either unconnected or has no load
WARNING: [Synth 8-7129] Port pm_result[54] in module demo_ctrl is either unconnected or has no load
WARNING: [Synth 8-7129] Port pm_result[53] in module demo_ctrl is either unconnected or has no load
WARNING: [Synth 8-7129] Port pm_result[52] in module demo_ctrl is either unconnected or has no load
WARNING: [Synth 8-7129] Port pm_result[51] in module demo_ctrl is either unconnected or has no load
WARNING: [Synth 8-7129] Port pm_result[50] in module demo_ctrl is either unconnected or has no load
WARNING: [Synth 8-7129] Port pm_result[49] in module demo_ctrl is either unconnected or has no load
WARNING: [Synth 8-7129] Port pm_result[48] in module demo_ctrl is either unconnected or has no load
WARNING: [Synth 8-7129] Port pm_result[47] in module demo_ctrl is either unconnected or has no load
WARNING: [Synth 8-7129] Port pm_result[46] in module demo_ctrl is either unconnected or has no load
WARNING: [Synth 8-7129] Port pm_result[45] in module demo_ctrl is either unconnected or has no load
WARNING: [Synth 8-7129] Port pm_result[44] in module demo_ctrl is either unconnected or has no load
WARNING: [Synth 8-7129] Port pm_result[43] in module demo_ctrl is either unconnected or has no load
WARNING: [Synth 8-7129] Port pm_result[42] in module demo_ctrl is either unconnected or has no load
WARNING: [Synth 8-7129] Port pm_result[41] in module demo_ctrl is either unconnected or has no load
WARNING: [Synth 8-7129] Port pm_result[40] in module demo_ctrl is either unconnected or has no load
WARNING: [Synth 8-7129] Port pm_result[39] in module demo_ctrl is either unconnected or has no load
WARNING: [Synth 8-7129] Port pm_result[38] in module demo_ctrl is either unconnected or has no load
WARNING: [Synth 8-7129] Port pm_result[37] in module demo_ctrl is either unconnected or has no load
WARNING: [Synth 8-7129] Port pm_result[36] in module demo_ctrl is either unconnected or has no load
WARNING: [Synth 8-7129] Port pm_result[35] in module demo_ctrl is either unconnected or has no load
WARNING: [Synth 8-7129] Port pm_result[34] in module demo_ctrl is either unconnected or has no load
WARNING: [Synth 8-7129] Port pm_result[33] in module demo_ctrl is either unconnected or has no load
WARNING: [Synth 8-7129] Port pm_result[32] in module demo_ctrl is either unconnected or has no load
WARNING: [Synth 8-7129] Port edge_u_data[7] in module coprime_checker is either unconnected or has no load
WARNING: [Synth 8-7129] Port edge_u_data[6] in module coprime_checker is either unconnected or has no load
WARNING: [Synth 8-7129] Port edge_u_data[5] in module coprime_checker is either unconnected or has no load
WARNING: [Synth 8-7129] Port BTNL in module dcl_top is either unconnected or has no load
WARNING: [Synth 8-7129] Port BTNR in module dcl_top is either unconnected or has no load
---------------------------------------------------------------------------------
Finished RTL Elaboration : Time (s): cpu = 00:00:05 ; elapsed = 00:00:06 . Memory (MB): peak = 1426.973 ; gain = 696.391
---------------------------------------------------------------------------------
---------------------------------------------------------------------------------
Start Handling Custom Attributes
---------------------------------------------------------------------------------
---------------------------------------------------------------------------------
Finished Handling Custom Attributes : Time (s): cpu = 00:00:05 ; elapsed = 00:00:06 . Memory (MB): peak = 1426.973 ; gain = 696.391
---------------------------------------------------------------------------------
---------------------------------------------------------------------------------
Finished RTL Optimization Phase 1 : Time (s): cpu = 00:00:05 ; elapsed = 00:00:06 . Memory (MB): peak = 1426.973 ; gain = 696.391
---------------------------------------------------------------------------------
Netlist sorting complete. Time (s): cpu = 00:00:00 ; elapsed = 00:00:00.064 . Memory (MB): peak = 1426.973 ; gain = 0.000
INFO: [Project 1-570] Preparing netlist for logic optimization

Processing XDC Constraints
Initializing timing engine
Parsing XDC File [C:/Users/cylab win/Documents/DCL/dcl-fpga/constraints/nexys4ddr.xdc]
Finished Parsing XDC File [C:/Users/cylab win/Documents/DCL/dcl-fpga/constraints/nexys4ddr.xdc]
INFO: [Project 1-236] Implementation specific constraints were found while reading constraint file [C:/Users/cylab win/Documents/DCL/dcl-fpga/constraints/nexys4ddr.xdc]. These constraints will be ignored for synthesis but will be used in implementation. Impacted constraints are listed in the file [.Xil/dcl_top_propImpl.xdc].
Resolution: To avoid this warning, move constraints listed in [.Xil/dcl_top_propImpl.xdc] to another XDC file and exclude this new file from synthesis with the used_in_synthesis property (File Properties dialog in GUI) and re-run elaboration/synthesis.
Completed Processing XDC Constraints

Netlist sorting complete. Time (s): cpu = 00:00:00 ; elapsed = 00:00:00.002 . Memory (MB): peak = 1507.840 ; gain = 0.000
INFO: [Project 1-111] Unisim Transformation Summary:
No Unisim elements were transformed.

Constraint Validation Runtime : Time (s): cpu = 00:00:00 ; elapsed = 00:00:00.042 . Memory (MB): peak = 1507.840 ; gain = 0.000
---------------------------------------------------------------------------------
Finished Constraint Validation : Time (s): cpu = 00:00:12 ; elapsed = 00:00:12 . Memory (MB): peak = 1507.840 ; gain = 777.258
---------------------------------------------------------------------------------
---------------------------------------------------------------------------------
Start Loading Part and Timing Information
---------------------------------------------------------------------------------
Loading part: xc7a100tcsg324-1
---------------------------------------------------------------------------------
Finished Loading Part and Timing Information : Time (s): cpu = 00:00:12 ; elapsed = 00:00:12 . Memory (MB): peak = 1507.840 ; gain = 777.258
---------------------------------------------------------------------------------
---------------------------------------------------------------------------------
Start Applying 'set_property' XDC Constraints
---------------------------------------------------------------------------------
---------------------------------------------------------------------------------
Finished applying 'set_property' XDC Constraints : Time (s): cpu = 00:00:12 ; elapsed = 00:00:13 . Memory (MB): peak = 1507.840 ; gain = 777.258
---------------------------------------------------------------------------------
INFO: [Synth 8-802] inferred FSM for state register 'state_reg' in module 'uart_rx'
INFO: [Synth 8-802] inferred FSM for state register 'state_reg' in module 'uart_tx'
INFO: [Synth 8-802] inferred FSM for state register 'state_reg' in module 'gcd_unit'
INFO: [Synth 8-802] inferred FSM for state register 'state_reg' in module 'mulmod_64'
INFO: [Synth 8-802] inferred FSM for state register 'state_reg' in module 'power_map_unit'
INFO: [Synth 8-802] inferred FSM for state register 'state_reg' in module 'coprime_checker'
INFO: [Synth 8-802] inferred FSM for state register 'state_reg' in module 'cmd_dispatch'
INFO: [Synth 8-802] inferred FSM for state register 'state_reg' in module 'demo_ctrl'
---------------------------------------------------------------------------------------------------
                   State |                     New Encoding |                Previous Encoding 
---------------------------------------------------------------------------------------------------
                  S_IDLE |                               00 |                               00
                 S_START |                               01 |                               01
                  S_DATA |                               10 |                               10
                  S_STOP |                               11 |                               11
---------------------------------------------------------------------------------------------------
INFO: [Synth 8-3354] encoded FSM with state register 'state_reg' using encoding 'sequential' in module 'uart_rx'
---------------------------------------------------------------------------------------------------
                   State |                     New Encoding |                Previous Encoding 
---------------------------------------------------------------------------------------------------
                  S_IDLE |                               00 |                               00
                 S_START |                               01 |                               01
                  S_DATA |                               10 |                               10
                  S_STOP |                               11 |                               11
---------------------------------------------------------------------------------------------------
INFO: [Synth 8-3354] encoded FSM with state register 'state_reg' using encoding 'sequential' in module 'uart_tx'
---------------------------------------------------------------------------------------------------
                   State |                     New Encoding |                Previous Encoding 
---------------------------------------------------------------------------------------------------
                  S_IDLE |                              000 |                              000
             S_DONE_ZERO |                              001 |                              001
            S_CALC_SHIFT |                              010 |                              010
               S_STRIP_A |                              011 |                              011
            S_LOOP_STRIP |                              100 |                              100
              S_LOOP_CMP |                              101 |                              101
              S_LOOP_SUB |                              110 |                              110
                S_FINISH |                              111 |                              111
---------------------------------------------------------------------------------------------------
INFO: [Synth 8-3354] encoded FSM with state register 'state_reg' using encoding 'sequential' in module 'gcd_unit'
---------------------------------------------------------------------------------------------------
                   State |                     New Encoding |                Previous Encoding 
---------------------------------------------------------------------------------------------------
                  S_IDLE |                               00 |                              000
                S_REDUCE |                               01 |                              001
             S_CALC_INIT |                               10 |                              010
                  S_CALC |                               11 |                              011
---------------------------------------------------------------------------------------------------
INFO: [Synth 8-3354] encoded FSM with state register 'state_reg' using encoding 'sequential' in module 'mulmod_64'
---------------------------------------------------------------------------------------------------
                   State |                     New Encoding |                Previous Encoding 
---------------------------------------------------------------------------------------------------
                  S_IDLE |                          0000001 |                             0000
             S_CHECK_BIT |                          0000010 |                             0001
              S_WAIT_MUL |                          0000100 |                             0010
              S_MULTIPLY |                          0001000 |                             0011
               S_WAIT_SQ |                          0010000 |                             0100
                S_SQUARE |                          0100000 |                             0101
                 S_SHIFT |                          1000000 |                             0110
---------------------------------------------------------------------------------------------------
INFO: [Synth 8-3354] encoded FSM with state register 'state_reg' using encoding 'one-hot' in module 'power_map_unit'
---------------------------------------------------------------------------------------------------
                   State |                     New Encoding |                Previous Encoding 
---------------------------------------------------------------------------------------------------
                  S_IDLE |                           000001 |                              000
               S_RD_EDGE |                           000010 |                              001
              S_RD_LBL_U |                           000100 |                              010
              S_RD_LBL_V |                           001000 |                              011
                   S_GCD |                           010000 |                              100
                 S_CHECK |                           100000 |                              101
---------------------------------------------------------------------------------------------------
INFO: [Synth 8-3354] encoded FSM with state register 'state_reg' using encoding 'one-hot' in module 'coprime_checker'
---------------------------------------------------------------------------------------------------
                   State |                     New Encoding |                Previous Encoding 
---------------------------------------------------------------------------------------------------
                  S_IDLE |                              000 |                             0000
                   S_LEN |                              001 |                             0010
               S_PAYLOAD |                              010 |                             0011
               S_EXECUTE |                              011 |                             0100
                  S_WAIT |                              100 |                             0101
               S_RESPOND |                              101 |                             0110
              S_TX_DELAY |                              110 |                             1000
               S_TX_WAIT |                              111 |                             0111
---------------------------------------------------------------------------------------------------
INFO: [Synth 8-3354] encoded FSM with state register 'state_reg' using encoding 'sequential' in module 'cmd_dispatch'
---------------------------------------------------------------------------------------------------
                   State |                     New Encoding |                Previous Encoding 
---------------------------------------------------------------------------------------------------
                  S_IDLE |                               00 |                              000
              S_GCD_WAIT |                               01 |                              001
               S_PM_WAIT |                               10 |                              010
---------------------------------------------------------------------------------------------------
INFO: [Synth 8-3354] encoded FSM with state register 'state_reg' using encoding 'sequential' in module 'demo_ctrl'
---------------------------------------------------------------------------------
Finished RTL Optimization Phase 2 : Time (s): cpu = 00:00:14 ; elapsed = 00:00:15 . Memory (MB): peak = 1507.840 ; gain = 777.258
---------------------------------------------------------------------------------
---------------------------------------------------------------------------------
Start RTL Component Statistics 
---------------------------------------------------------------------------------
Detailed RTL Component Info : 
+---Adders : 
	   2 Input  128 Bit       Adders := 1     
	   3 Input   65 Bit       Adders := 1     
	   2 Input   65 Bit       Adders := 2     
	   3 Input   64 Bit       Adders := 4     
	   2 Input   16 Bit       Adders := 2     
	   2 Input    9 Bit       Adders := 3     
	   2 Input    8 Bit       Adders := 4     
	   2 Input    6 Bit       Adders := 1     
	   2 Input    3 Bit       Adders := 2     
+---Registers : 
	              128 Bit    Registers := 2     
	               65 Bit    Registers := 1     
	               64 Bit    Registers := 28    
	               32 Bit    Registers := 4     
	               16 Bit    Registers := 3     
	                8 Bit    Registers := 72    
	                7 Bit    Registers := 2     
	                6 Bit    Registers := 1     
	                5 Bit    Registers := 2     
	                3 Bit    Registers := 3     
	                1 Bit    Registers := 29    
+---RAMs : 
	               2K Bit	(32 X 64 bit)          RAMs := 1     
	               2K Bit	(256 X 8 bit)          RAMs := 2     
+---Muxes : 
	   2 Input  128 Bit        Muxes := 1     
	   4 Input  128 Bit        Muxes := 2     
	   2 Input   65 Bit        Muxes := 1     
	   4 Input   65 Bit        Muxes := 1     
	   8 Input   64 Bit        Muxes := 6     
	   2 Input   64 Bit        Muxes := 9     
	   4 Input   64 Bit        Muxes := 3     
	   7 Input   64 Bit        Muxes := 3     
	   7 Input   32 Bit        Muxes := 1     
	   3 Input   32 Bit        Muxes := 1     
	   2 Input   32 Bit        Muxes := 2     
	   4 Input   16 Bit        Muxes := 2     
	   2 Input   16 Bit        Muxes := 1     
	   4 Input    8 Bit        Muxes := 10    
	   6 Input    8 Bit        Muxes := 2     
	   2 Input    8 Bit        Muxes := 18    
	   7 Input    8 Bit        Muxes := 2     
	   8 Input    8 Bit        Muxes := 5     
	   3 Input    8 Bit        Muxes := 1     
	   8 Input    7 Bit        Muxes := 2     
	   7 Input    7 Bit        Muxes := 1     
	   2 Input    7 Bit        Muxes := 2     
	   4 Input    6 Bit        Muxes := 1     
	   6 Input    6 Bit        Muxes := 1     
	   2 Input    6 Bit        Muxes := 2     
	   6 Input    5 Bit        Muxes := 1     
	   4 Input    3 Bit        Muxes := 3     
	   8 Input    3 Bit        Muxes := 3     
	   2 Input    3 Bit        Muxes := 6     
	   7 Input    3 Bit        Muxes := 1     
	   3 Input    3 Bit        Muxes := 1     
	   4 Input    2 Bit        Muxes := 3     
	   2 Input    2 Bit        Muxes := 2     
	   3 Input    2 Bit        Muxes := 1     
	   6 Input    2 Bit        Muxes := 1     
	   2 Input    1 Bit        Muxes := 400   
	   4 Input    1 Bit        Muxes := 28    
	   8 Input    1 Bit        Muxes := 58    
	   7 Input    1 Bit        Muxes := 17    
	   6 Input    1 Bit        Muxes := 8     
	   3 Input    1 Bit        Muxes := 8     
---------------------------------------------------------------------------------
Finished RTL Component Statistics 
---------------------------------------------------------------------------------
---------------------------------------------------------------------------------
Start Part Resource Summary
---------------------------------------------------------------------------------
Part Resources:
DSPs: 240 (col length:80)
BRAMs: 270 (col length: RAMB18 80 RAMB36 40)
---------------------------------------------------------------------------------
Finished Part Resource Summary
---------------------------------------------------------------------------------
---------------------------------------------------------------------------------
Start Cross Boundary and Area Optimization
---------------------------------------------------------------------------------
WARNING: [Synth 8-7129] Port btnd in module demo_ctrl is either unconnected or has no load
WARNING: [Synth 8-7129] Port gcd_result[63] in module demo_ctrl is either unconnected or has no load
WARNING: [Synth 8-7129] Port gcd_result[62] in module demo_ctrl is either unconnected or has no load
WARNING: [Synth 8-7129] Port gcd_result[61] in module demo_ctrl is either unconnected or has no load
WARNING: [Synth 8-7129] Port gcd_result[60] in module demo_ctrl is either unconnected or has no load
WARNING: [Synth 8-7129] Port gcd_result[59] in module demo_ctrl is either unconnected or has no load
WARNING: [Synth 8-7129] Port gcd_result[58] in module demo_ctrl is either unconnected or has no load
WARNING: [Synth 8-7129] Port gcd_result[57] in module demo_ctrl is either unconnected or has no load
WARNING: [Synth 8-7129] Port gcd_result[56] in module demo_ctrl is either unconnected or has no load
WARNING: [Synth 8-7129] Port gcd_result[55] in module demo_ctrl is either unconnected or has no load
WARNING: [Synth 8-7129] Port gcd_result[54] in module demo_ctrl is either unconnected or has no load
WARNING: [Synth 8-7129] Port gcd_result[53] in module demo_ctrl is either unconnected or has no load
WARNING: [Synth 8-7129] Port gcd_result[52] in module demo_ctrl is either unconnected or has no load
WARNING: [Synth 8-7129] Port gcd_result[51] in module demo_ctrl is either unconnected or has no load
WARNING: [Synth 8-7129] Port gcd_result[50] in module demo_ctrl is either unconnected or has no load
WARNING: [Synth 8-7129] Port gcd_result[49] in module demo_ctrl is either unconnected or has no load
WARNING: [Synth 8-7129] Port gcd_result[48] in module demo_ctrl is either unconnected or has no load
WARNING: [Synth 8-7129] Port gcd_result[47] in module demo_ctrl is either unconnected or has no load
WARNING: [Synth 8-7129] Port gcd_result[46] in module demo_ctrl is either unconnected or has no load
WARNING: [Synth 8-7129] Port gcd_result[45] in module demo_ctrl is either unconnected or has no load
WARNING: [Synth 8-7129] Port gcd_result[44] in module demo_ctrl is either unconnected or has no load
WARNING: [Synth 8-7129] Port gcd_result[43] in module demo_ctrl is either unconnected or has no load
WARNING: [Synth 8-7129] Port gcd_result[42] in module demo_ctrl is either unconnected or has no load
WARNING: [Synth 8-7129] Port gcd_result[41] in module demo_ctrl is either unconnected or has no load
WARNING: [Synth 8-7129] Port gcd_result[40] in module demo_ctrl is either unconnected or has no load
WARNING: [Synth 8-7129] Port gcd_result[39] in module demo_ctrl is either unconnected or has no load
WARNING: [Synth 8-7129] Port gcd_result[38] in module demo_ctrl is either unconnected or has no load
WARNING: [Synth 8-7129] Port gcd_result[37] in module demo_ctrl is either unconnected or has no load
WARNING: [Synth 8-7129] Port gcd_result[36] in module demo_ctrl is either unconnected or has no load
WARNING: [Synth 8-7129] Port gcd_result[35] in module demo_ctrl is either unconnected or has no load
INFO: [Common 17-14] Message 'Synth 8-7129' appears 100 times and further instances of the messages will be disabled. Use the Tcl command set_msg_config to change the current settings.
INFO: [Synth 8-12589] Found 3 bits of RAM  (i_2) with no load. RAM width may be reduced from 8 to 5 
WARNING: [Synth 8-3936] Found unconnected internal register 'edge_u_rdata_reg' and it is trimmed from '8' to '5' bits. [C:/Users/cylab win/Documents/DCL/dcl-fpga/rtl/dcl_top.v:143]
---------------------------------------------------------------------------------
Finished Cross Boundary and Area Optimization : Time (s): cpu = 00:01:06 ; elapsed = 00:01:07 . Memory (MB): peak = 1910.543 ; gain = 1179.961
---------------------------------------------------------------------------------
---------------------------------------------------------------------------------
Start ROM, RAM, DSP, Shift Register and Retiming Reporting
---------------------------------------------------------------------------------

Block RAM: Preliminary Mapping Report (see note below)
+------------+----------------+------------------------+---+---+------------------------+---+---+------------------+--------+--------+
|Module Name | RTL Object     | PORT A (Depth x Width) | W | R | PORT B (Depth x Width) | W | R | Ports driving FF | RAMB18 | RAMB36 | 
+------------+----------------+------------------------+---+---+------------------------+---+---+------------------+--------+--------+
|dcl_top     | label_mem_reg  | 32 x 64(READ_FIRST)    | W |   | 32 x 64(WRITE_FIRST)   |   | R | Port A and B     | 0      | 1      | 
|dcl_top     | edge_u_mem_reg | 256 x 5(READ_FIRST)    | W |   | 256 x 5(WRITE_FIRST)   |   | R | Port A and B     | 1      | 0      | 
|dcl_top     | edge_v_mem_reg | 256 x 8(READ_FIRST)    | W |   | 256 x 8(WRITE_FIRST)   |   | R | Port A and B     | 1      | 0      | 
+------------+----------------+------------------------+---+---+------------------------+---+---+------------------+--------+--------+

Note: The table above is a preliminary report that shows the Block RAMs at the current stage of the synthesis flow. Some Block RAMs may be reimplemented as non Block RAM primitives later in the synthesis flow. Multiple instantiated Block RAMs are reported only once. 
---------------------------------------------------------------------------------
Finished ROM, RAM, DSP, Shift Register and Retiming Reporting
---------------------------------------------------------------------------------
---------------------------------------------------------------------------------
Start Applying XDC Timing Constraints
---------------------------------------------------------------------------------
---------------------------------------------------------------------------------
Finished Applying XDC Timing Constraints : Time (s): cpu = 00:01:10 ; elapsed = 00:01:11 . Memory (MB): peak = 1910.543 ; gain = 1179.961
---------------------------------------------------------------------------------
---------------------------------------------------------------------------------
Start Timing Optimization
---------------------------------------------------------------------------------
---------------------------------------------------------------------------------
Finished Timing Optimization : Time (s): cpu = 00:01:31 ; elapsed = 00:01:32 . Memory (MB): peak = 2092.496 ; gain = 1361.914
---------------------------------------------------------------------------------
---------------------------------------------------------------------------------
Start ROM, RAM, DSP, Shift Register and Retiming Reporting
---------------------------------------------------------------------------------

Block RAM: Final Mapping Report
+------------+----------------+------------------------+---+---+------------------------+---+---+------------------+--------+--------+
|Module Name | RTL Object     | PORT A (Depth x Width) | W | R | PORT B (Depth x Width) | W | R | Ports driving FF | RAMB18 | RAMB36 | 
+------------+----------------+------------------------+---+---+------------------------+---+---+------------------+--------+--------+
|dcl_top     | label_mem_reg  | 32 x 64(READ_FIRST)    | W |   | 32 x 64(WRITE_FIRST)   |   | R | Port A and B     | 0      | 1      | 
|dcl_top     | edge_u_mem_reg | 256 x 5(READ_FIRST)    | W |   | 256 x 5(WRITE_FIRST)   |   | R | Port A and B     | 1      | 0      | 
|dcl_top     | edge_v_mem_reg | 256 x 8(READ_FIRST)    | W |   | 256 x 8(WRITE_FIRST)   |   | R | Port A and B     | 1      | 0      | 
+------------+----------------+------------------------+---+---+------------------------+---+---+------------------+--------+--------+

---------------------------------------------------------------------------------
Finished ROM, RAM, DSP, Shift Register and Retiming Reporting
---------------------------------------------------------------------------------
---------------------------------------------------------------------------------
Start Technology Mapping
---------------------------------------------------------------------------------
INFO: [Synth 8-7052] The timing for the instance label_mem_reg (implemented as a Block RAM) might be sub-optimal as no optional output register could be merged into the ram block. Providing additional output register may help in improving timing.
INFO: [Synth 8-7052] The timing for the instance edge_u_mem_reg (implemented as a Block RAM) might be sub-optimal as no optional output register could be merged into the ram block. Providing additional output register may help in improving timing.
---------------------------------------------------------------------------------
Finished Technology Mapping : Time (s): cpu = 00:01:33 ; elapsed = 00:01:35 . Memory (MB): peak = 2092.496 ; gain = 1361.914
---------------------------------------------------------------------------------
---------------------------------------------------------------------------------
Start IO Insertion
---------------------------------------------------------------------------------
---------------------------------------------------------------------------------
Start Flattening Before IO Insertion
---------------------------------------------------------------------------------
---------------------------------------------------------------------------------
Finished Flattening Before IO Insertion
---------------------------------------------------------------------------------
---------------------------------------------------------------------------------
Start Final Netlist Cleanup
---------------------------------------------------------------------------------
---------------------------------------------------------------------------------
Finished Final Netlist Cleanup
---------------------------------------------------------------------------------
---------------------------------------------------------------------------------
Finished IO Insertion : Time (s): cpu = 00:01:36 ; elapsed = 00:01:37 . Memory (MB): peak = 2092.496 ; gain = 1361.914
---------------------------------------------------------------------------------
---------------------------------------------------------------------------------
Start Renaming Generated Instances
---------------------------------------------------------------------------------
---------------------------------------------------------------------------------
Finished Renaming Generated Instances : Time (s): cpu = 00:01:36 ; elapsed = 00:01:37 . Memory (MB): peak = 2092.496 ; gain = 1361.914
---------------------------------------------------------------------------------
---------------------------------------------------------------------------------
Start Rebuilding User Hierarchy
---------------------------------------------------------------------------------
---------------------------------------------------------------------------------
Finished Rebuilding User Hierarchy : Time (s): cpu = 00:01:37 ; elapsed = 00:01:38 . Memory (MB): peak = 2092.496 ; gain = 1361.914
---------------------------------------------------------------------------------
---------------------------------------------------------------------------------
Start Renaming Generated Ports
---------------------------------------------------------------------------------
---------------------------------------------------------------------------------
Finished Renaming Generated Ports : Time (s): cpu = 00:01:37 ; elapsed = 00:01:38 . Memory (MB): peak = 2092.496 ; gain = 1361.914
---------------------------------------------------------------------------------
---------------------------------------------------------------------------------
Start Handling Custom Attributes
---------------------------------------------------------------------------------
---------------------------------------------------------------------------------
Finished Handling Custom Attributes : Time (s): cpu = 00:01:37 ; elapsed = 00:01:38 . Memory (MB): peak = 2092.496 ; gain = 1361.914
---------------------------------------------------------------------------------
---------------------------------------------------------------------------------
Start Renaming Generated Nets
---------------------------------------------------------------------------------
---------------------------------------------------------------------------------
Finished Renaming Generated Nets : Time (s): cpu = 00:01:37 ; elapsed = 00:01:38 . Memory (MB): peak = 2092.496 ; gain = 1361.914
---------------------------------------------------------------------------------
---------------------------------------------------------------------------------
Start Writing Synthesis Report
---------------------------------------------------------------------------------

Report BlackBoxes: 
+-+--------------+----------+
| |BlackBox name |Instances |
+-+--------------+----------+
+-+--------------+----------+

Report Cell Usage: 
+------+---------+------+
|      |Cell     |Count |
+------+---------+------+
|1     |BUFG     |     1|
|2     |CARRY4   |   287|
|3     |LUT1     |     8|
|4     |LUT2     |   838|
|5     |LUT3     |  1160|
|6     |LUT4     |  1060|
|7     |LUT5     |  1314|
|8     |LUT6     |  2203|
|9     |MUXF7    |     6|
|10    |RAMB18E1 |     2|
|12    |RAMB36E1 |     1|
|13    |FDCE     |  1985|
|14    |FDPE     |     5|
|15    |FDRE     |   415|
|16    |IBUF     |    21|
|17    |OBUF     |    36|
+------+---------+------+
---------------------------------------------------------------------------------
Finished Writing Synthesis Report : Time (s): cpu = 00:01:37 ; elapsed = 00:01:38 . Memory (MB): peak = 2092.496 ; gain = 1361.914
---------------------------------------------------------------------------------
Synthesis finished with 0 errors, 0 critical warnings and 71 warnings.
Synthesis Optimization Runtime : Time (s): cpu = 00:01:29 ; elapsed = 00:01:36 . Memory (MB): peak = 2092.496 ; gain = 1281.047
Synthesis Optimization Complete : Time (s): cpu = 00:01:37 ; elapsed = 00:01:38 . Memory (MB): peak = 2092.496 ; gain = 1361.914
INFO: [Project 1-571] Translating synthesized netlist
Netlist sorting complete. Time (s): cpu = 00:00:00 ; elapsed = 00:00:00.052 . Memory (MB): peak = 2099.430 ; gain = 0.000
INFO: [Netlist 29-17] Analyzing 296 Unisim elements for replacement
INFO: [Netlist 29-28] Unisim Transformation completed in 0 CPU seconds
INFO: [Project 1-570] Preparing netlist for logic optimization
Parsing XDC File [C:/Users/cylab win/Documents/DCL/dcl-fpga/constraints/nexys4ddr.xdc]
Finished Parsing XDC File [C:/Users/cylab win/Documents/DCL/dcl-fpga/constraints/nexys4ddr.xdc]
INFO: [Opt 31-138] Pushed 0 inverter(s) to 0 load pin(s).
Netlist sorting complete. Time (s): cpu = 00:00:00 ; elapsed = 00:00:00.001 . Memory (MB): peak = 2103.141 ; gain = 0.000
INFO: [Project 1-111] Unisim Transformation Summary:
No Unisim elements were transformed.

Synth Design complete | Checksum: 4b9f2861
INFO: [Common 17-83] Releasing license: Synthesis
58 Infos, 134 Warnings, 0 Critical Warnings and 0 Errors encountered.
synth_design completed successfully
synth_design: Time (s): cpu = 00:01:41 ; elapsed = 00:01:44 . Memory (MB): peak = 2103.141 ; gain = 1573.801
# report_utilization -file reports/post_synth_util.rpt
# report_timing_summary -file reports/post_synth_timing.rpt
INFO: [Timing 38-35] Done setting XDC timing constraints.
INFO: [Timing 38-91] UpdateTimingParams: Speed grade: -1, Delay Type: min_max.
INFO: [Timing 38-191] Multithreading enabled for timing update using a maximum of 2 CPUs
# opt_design
Command: opt_design
Attempting to get a license for feature 'Implementation' and/or device 'xc7a100t'
INFO: [Common 17-349] Got license for feature 'Implementation' and/or device 'xc7a100t'
Running DRC as a precondition to command opt_design

Starting DRC Task
INFO: [DRC 23-27] Running DRC with 2 threads
INFO: [Project 1-461] DRC finished with 0 Errors
INFO: [Project 1-462] Please refer to the DRC report (report_drc) for more information.

Time (s): cpu = 00:00:00 ; elapsed = 00:00:00.447 . Memory (MB): peak = 2103.141 ; gain = 0.000

Starting Cache Timing Information Task
Ending Cache Timing Information Task | Checksum: 1ea8e3f61

Time (s): cpu = 00:00:00 ; elapsed = 00:00:00.003 . Memory (MB): peak = 2103.141 ; gain = 0.000

Starting Logic Optimization Task

Phase 1 Initialization

Phase 1.1 Core Generation And Design Setup
Phase 1.1 Core Generation And Design Setup | Checksum: 1ea8e3f61

Time (s): cpu = 00:00:00 ; elapsed = 00:00:00.003 . Memory (MB): peak = 2103.141 ; gain = 0.000

Phase 1.2 Setup Constraints And Sort Netlist
Phase 1.2 Setup Constraints And Sort Netlist | Checksum: 1ea8e3f61

Time (s): cpu = 00:00:00 ; elapsed = 00:00:00.007 . Memory (MB): peak = 2103.141 ; gain = 0.000
Phase 1 Initialization | Checksum: 1ea8e3f61

Time (s): cpu = 00:00:00 ; elapsed = 00:00:00.008 . Memory (MB): peak = 2103.141 ; gain = 0.000

Phase 2 Timer Update And Timing Data Collection

Phase 2.1 Detect if minReqCache needed
Phase 2.1 Detect if minReqCache needed | Checksum: 1ea8e3f61

Time (s): cpu = 00:00:00 ; elapsed = 00:00:00.015 . Memory (MB): peak = 2103.141 ; gain = 0.000

Phase 2.2 Timer Update
Phase 2.2 Timer Update | Checksum: 1ea8e3f61

Time (s): cpu = 00:00:00 ; elapsed = 00:00:00.107 . Memory (MB): peak = 2103.141 ; gain = 0.000

Phase 2.3 Timing Data Collection
Phase 2.3 Timing Data Collection | Checksum: 1ea8e3f61

Time (s): cpu = 00:00:00 ; elapsed = 00:00:00.111 . Memory (MB): peak = 2103.141 ; gain = 0.000
Phase 2 Timer Update And Timing Data Collection | Checksum: 1ea8e3f61

Time (s): cpu = 00:00:00 ; elapsed = 00:00:00.112 . Memory (MB): peak = 2103.141 ; gain = 0.000

Phase 3 Retarget
INFO: [Opt 31-1851] Number of loadless carry chains removed were: 0
INFO: [Opt 31-1834] Total Chains To Be Transformed Were: 0 AND Number of Transformed insts Created are: 0
INFO: [Opt 31-138] Pushed 0 inverter(s) to 0 load pin(s).
INFO: [Opt 31-49] Retargeted 0 cell(s).
Phase 3 Retarget | Checksum: 1ea8e3f61

Time (s): cpu = 00:00:00 ; elapsed = 00:00:00.175 . Memory (MB): peak = 2103.141 ; gain = 0.000
Retarget | Checksum: 1ea8e3f61
INFO: [Opt 31-389] Phase Retarget created 0 cells and removed 0 cells

Phase 4 Constant propagation
INFO: [Opt 31-138] Pushed 0 inverter(s) to 0 load pin(s).
Phase 4 Constant propagation | Checksum: 1ea8e3f61

Time (s): cpu = 00:00:00 ; elapsed = 00:00:00.223 . Memory (MB): peak = 2103.141 ; gain = 0.000
Constant propagation | Checksum: 1ea8e3f61
INFO: [Opt 31-389] Phase Constant propagation created 0 cells and removed 0 cells

Phase 5 Sweep
INFO: [Constraints 18-11670] Building netlist checker database with flags, 0x8
Done building netlist checker database: Time (s): cpu = 00:00:00 ; elapsed = 00:00:00.002 . Memory (MB): peak = 2103.141 ; gain = 0.000
Phase 5 Sweep | Checksum: 1c87cb0fc

Time (s): cpu = 00:00:00 ; elapsed = 00:00:00.272 . Memory (MB): peak = 2103.141 ; gain = 0.000
Sweep | Checksum: 1c87cb0fc
INFO: [Opt 31-389] Phase Sweep created 0 cells and removed 0 cells

Phase 6 BUFG optimization
Phase 6 BUFG optimization | Checksum: 1c87cb0fc

Time (s): cpu = 00:00:00 ; elapsed = 00:00:00.307 . Memory (MB): peak = 2103.141 ; gain = 0.000
BUFG optimization | Checksum: 1c87cb0fc
INFO: [Opt 31-662] Phase BUFG optimization created 0 cells of which 0 are BUFGs and removed 0 cells.

Phase 7 Shift Register Optimization
INFO: [Opt 31-1064] SRL Remap converted 0 SRLs to 0 registers and converted 0 registers of register chains to 0 SRLs
Phase 7 Shift Register Optimization | Checksum: 1c87cb0fc

Time (s): cpu = 00:00:00 ; elapsed = 00:00:00.317 . Memory (MB): peak = 2103.141 ; gain = 0.000
Shift Register Optimization | Checksum: 1c87cb0fc
INFO: [Opt 31-389] Phase Shift Register Optimization created 0 cells and removed 0 cells

Phase 8 Post Processing Netlist
Phase 8 Post Processing Netlist | Checksum: 1c87cb0fc

Time (s): cpu = 00:00:00 ; elapsed = 00:00:00.331 . Memory (MB): peak = 2103.141 ; gain = 0.000
Post Processing Netlist | Checksum: 1c87cb0fc
INFO: [Opt 31-389] Phase Post Processing Netlist created 0 cells and removed 0 cells

Phase 9 Finalization

Phase 9.1 Finalizing Design Cores and Updating Shapes
Phase 9.1 Finalizing Design Cores and Updating Shapes | Checksum: 25382fc1f

Time (s): cpu = 00:00:00 ; elapsed = 00:00:00.417 . Memory (MB): peak = 2103.141 ; gain = 0.000

Phase 9.2 Verifying Netlist Connectivity

Starting Connectivity Check Task

Time (s): cpu = 00:00:00 ; elapsed = 00:00:00.017 . Memory (MB): peak = 2103.141 ; gain = 0.000
Phase 9.2 Verifying Netlist Connectivity | Checksum: 25382fc1f

Time (s): cpu = 00:00:00 ; elapsed = 00:00:00.435 . Memory (MB): peak = 2103.141 ; gain = 0.000
Phase 9 Finalization | Checksum: 25382fc1f

Time (s): cpu = 00:00:00 ; elapsed = 00:00:00.436 . Memory (MB): peak = 2103.141 ; gain = 0.000
Opt_design Change Summary
=========================


-------------------------------------------------------------------------------------------------------------------------
|  Phase                        |  #Cells created  |  #Cells Removed  |  #Constrained objects preventing optimizations  |
-------------------------------------------------------------------------------------------------------------------------
|  Retarget                     |               0  |               0  |                                              0  |
|  Constant propagation         |               0  |               0  |                                              0  |
|  Sweep                        |               0  |               0  |                                              0  |
|  BUFG optimization            |               0  |               0  |                                              0  |
|  Shift Register Optimization  |               0  |               0  |                                              0  |
|  Post Processing Netlist      |               0  |               0  |                                              0  |
-------------------------------------------------------------------------------------------------------------------------


Ending Logic Optimization Task | Checksum: 25382fc1f

Time (s): cpu = 00:00:00 ; elapsed = 00:00:00.438 . Memory (MB): peak = 2103.141 ; gain = 0.000

Starting Power Optimization Task
INFO: [Pwropt 34-132] Skipping clock gating for clocks with a period < 2.00 ns.
INFO: [Pwropt 34-9] Applying IDT optimizations ...
INFO: [Pwropt 34-10] Applying ODC optimizations ...
INFO: [Timing 38-35] Done setting XDC timing constraints.
Running Vector-less Activity Propagation...

Finished Running Vector-less Activity Propagation


Starting PowerOpt Patch Enables Task
INFO: [Pwropt 34-162] WRITE_MODE attribute of 0 BRAM(s) out of a total of 3 has been updated to save power. Run report_power_opt to get a complete listing of the BRAMs updated.
INFO: [Pwropt 34-201] Structural ODC has moved 0 WE to EN ports
Number of BRAM Ports augmented: 0 newly gated: 1 Total Ports: 6
Ending PowerOpt Patch Enables Task | Checksum: 1658b1411

Time (s): cpu = 00:00:00 ; elapsed = 00:00:00.025 . Memory (MB): peak = 2103.141 ; gain = 0.000
Ending Power Optimization Task | Checksum: 1658b1411

Time (s): cpu = 00:00:02 ; elapsed = 00:00:01 . Memory (MB): peak = 2103.141 ; gain = 0.000

Starting Final Cleanup Task
Ending Final Cleanup Task | Checksum: 1658b1411

Time (s): cpu = 00:00:00 ; elapsed = 00:00:00.001 . Memory (MB): peak = 2103.141 ; gain = 0.000
Netlist sorting complete. Time (s): cpu = 00:00:00 ; elapsed = 00:00:00.003 . Memory (MB): peak = 2103.141 ; gain = 0.000
INFO: [Common 17-83] Releasing license: Implementation
24 Infos, 0 Warnings, 0 Critical Warnings and 0 Errors encountered.
opt_design completed successfully
# place_design
Command: place_design
Attempting to get a license for feature 'Implementation' and/or device 'xc7a100t'
INFO: [Common 17-349] Got license for feature 'Implementation' and/or device 'xc7a100t'
INFO: [Common 17-83] Releasing license: Implementation
INFO: [DRC 23-27] Running DRC with 2 threads
INFO: [Vivado_Tcl 4-198] DRC finished with 0 Errors
INFO: [Vivado_Tcl 4-199] Please refer to the DRC report (report_drc) for more information.
INFO: [Timing 38-35] Done setting XDC timing constraints.
Running DRC as a precondition to command place_design
INFO: [DRC 23-27] Running DRC with 2 threads
INFO: [Vivado_Tcl 4-198] DRC finished with 0 Errors, 32 Warnings
INFO: [Vivado_Tcl 4-199] Please refer to the DRC report (report_drc) for more information.
INFO: [Place 30-611] Multithreading enabled for place_design using a maximum of 2 CPUs

Starting Placer Task

Phase 1 Placer Initialization

Phase 1.1 Placer Initialization Netlist Sorting
Netlist sorting complete. Time (s): cpu = 00:00:00 ; elapsed = 00:00:00.003 . Memory (MB): peak = 2103.141 ; gain = 0.000
Phase 1.1 Placer Initialization Netlist Sorting | Checksum: f11e29df

Time (s): cpu = 00:00:00 ; elapsed = 00:00:00.005 . Memory (MB): peak = 2103.141 ; gain = 0.000
Netlist sorting complete. Time (s): cpu = 00:00:00 ; elapsed = 00:00:00.002 . Memory (MB): peak = 2103.141 ; gain = 0.000

Phase 1.2 IO Placement/ Clock Placement/ Build Placer Device
Phase 1.2 IO Placement/ Clock Placement/ Build Placer Device | Checksum: 158fba102

Time (s): cpu = 00:00:00 ; elapsed = 00:00:00.338 . Memory (MB): peak = 2103.141 ; gain = 0.000

Phase 1.3 Build Placer Netlist Model
Phase 1.3 Build Placer Netlist Model | Checksum: 1d37f1da6

Time (s): cpu = 00:00:02 ; elapsed = 00:00:01 . Memory (MB): peak = 2103.141 ; gain = 0.000

Phase 1.4 Constrain Clocks/Macros
Phase 1.4 Constrain Clocks/Macros | Checksum: 1d37f1da6

Time (s): cpu = 00:00:02 ; elapsed = 00:00:01 . Memory (MB): peak = 2103.141 ; gain = 0.000
Phase 1 Placer Initialization | Checksum: 1d37f1da6

Time (s): cpu = 00:00:02 ; elapsed = 00:00:01 . Memory (MB): peak = 2103.141 ; gain = 0.000

Phase 2 Global Placement

Phase 2.1 Floorplanning
Phase 2.1 Floorplanning | Checksum: 22160a452

Time (s): cpu = 00:00:03 ; elapsed = 00:00:02 . Memory (MB): peak = 2103.141 ; gain = 0.000

Phase 2.2 Update Timing before SLR Path Opt
Phase 2.2 Update Timing before SLR Path Opt | Checksum: 182bc3613

Time (s): cpu = 00:00:04 ; elapsed = 00:00:02 . Memory (MB): peak = 2103.141 ; gain = 0.000

Phase 2.3 Post-Processing in Floorplanning
Phase 2.3 Post-Processing in Floorplanning | Checksum: 182bc3613

Time (s): cpu = 00:00:04 ; elapsed = 00:00:02 . Memory (MB): peak = 2103.141 ; gain = 0.000

Phase 2.4 Global Place Phase1
Phase 2.4 Global Place Phase1 | Checksum: 1b85d1b1a

Time (s): cpu = 00:00:17 ; elapsed = 00:00:10 . Memory (MB): peak = 2103.141 ; gain = 0.000

Phase 2.5 Global Place Phase2

Phase 2.5.1 UpdateTiming Before Physical Synthesis
Phase 2.5.1 UpdateTiming Before Physical Synthesis | Checksum: 2131e5f5f

Time (s): cpu = 00:00:19 ; elapsed = 00:00:10 . Memory (MB): peak = 2103.141 ; gain = 0.000

Phase 2.5.2 Physical Synthesis In Placer
INFO: [Physopt 32-1035] Found 453 LUTNM shape to break, 51 LUT instances to create LUTNM shape
INFO: [Physopt 32-1044] Break lutnm for timing: one critical 134, two critical 319, total 453, new lutff created 4
INFO: [Physopt 32-1138] End 1 Pass. Optimized 475 nets or LUTs. Breaked 453 LUTs, combined 22 existing LUTs and moved 0 existing LUT
INFO: [Physopt 32-65] No nets found for high-fanout optimization.
INFO: [Physopt 32-232] Optimized 0 net. Created 0 new instance.
INFO: [Physopt 32-775] End 1 Pass. Optimized 0 net or cell. Created 0 new cell, deleted 0 existing cell and moved 0 existing cell
INFO: [Physopt 32-456] No candidate cells for DSP register optimization found in the design.
INFO: [Physopt 32-775] End 2 Pass. Optimized 0 net or cell. Created 0 new cell, deleted 0 existing cell and moved 0 existing cell
INFO: [Physopt 32-1123] No candidate cells found for Shift Register to Pipeline optimization
INFO: [Physopt 32-775] End 2 Pass. Optimized 0 net or cell. Created 0 new cell, deleted 0 existing cell and moved 0 existing cell
INFO: [Physopt 32-1401] No candidate cells found for Shift Register optimization.
INFO: [Physopt 32-677] No candidate cells for Shift Register optimization found in the design
INFO: [Physopt 32-775] End 1 Pass. Optimized 0 net or cell. Created 0 new cell, deleted 0 existing cell and moved 0 existing cell
INFO: [Physopt 32-526] No candidate cells for BRAM register optimization found in the design
INFO: [Physopt 32-775] End 1 Pass. Optimized 0 net or cell. Created 0 new cell, deleted 0 existing cell and moved 0 existing cell
INFO: [Physopt 32-846] No candidate cells for URAM register optimization found in the design
INFO: [Physopt 32-775] End 1 Pass. Optimized 0 net or cell. Created 0 new cell, deleted 0 existing cell and moved 0 existing cell
INFO: [Physopt 32-846] No candidate cells for URAM register optimization found in the design
INFO: [Physopt 32-775] End 1 Pass. Optimized 0 net or cell. Created 0 new cell, deleted 0 existing cell and moved 0 existing cell
INFO: [Physopt 32-949] No candidate nets found for dynamic/static region interface net replication
INFO: [Physopt 32-775] End 1 Pass. Optimized 0 net or cell. Created 0 new cell, deleted 0 existing cell and moved 0 existing cell
Netlist sorting complete. Time (s): cpu = 00:00:00 ; elapsed = 00:00:00.002 . Memory (MB): peak = 2103.141 ; gain = 0.000

Summary of Physical Synthesis Optimizations
============================================


-----------------------------------------------------------------------------------------------------------------------------------------------------------
|  Optimization                                     |  Added Cells  |  Removed Cells  |  Optimized Cells/Nets  |  Dont Touch  |  Iterations  |  Elapsed   |
-----------------------------------------------------------------------------------------------------------------------------------------------------------
|  LUT Combining                                    |          453  |             22  |                   475  |           0  |           1  |  00:00:00  |
|  Retime                                           |            0  |              0  |                     0  |           0  |           1  |  00:00:00  |
|  Very High Fanout                                 |            0  |              0  |                     0  |           0  |           1  |  00:00:00  |
|  DSP Register                                     |            0  |              0  |                     0  |           0  |           1  |  00:00:00  |
|  Shift Register to Pipeline                       |            0  |              0  |                     0  |           0  |           1  |  00:00:00  |
|  Shift Register                                   |            0  |              0  |                     0  |           0  |           1  |  00:00:00  |
|  BRAM Register                                    |            0  |              0  |                     0  |           0  |           1  |  00:00:00  |
|  URAM Register                                    |            0  |              0  |                     0  |           0  |           1  |  00:00:00  |
|  Dynamic/Static Region Interface Net Replication  |            0  |              0  |                     0  |           0  |           1  |  00:00:00  |
|  Total                                            |          453  |             22  |                   475  |           0  |           9  |  00:00:00  |
-----------------------------------------------------------------------------------------------------------------------------------------------------------


Phase 2.5.2 Physical Synthesis In Placer | Checksum: 14a15af8a

Time (s): cpu = 00:00:20 ; elapsed = 00:00:11 . Memory (MB): peak = 2103.141 ; gain = 0.000
Phase 2.5 Global Place Phase2 | Checksum: 15cf50eb3

Time (s): cpu = 00:00:20 ; elapsed = 00:00:12 . Memory (MB): peak = 2103.141 ; gain = 0.000
Phase 2 Global Placement | Checksum: 15cf50eb3

Time (s): cpu = 00:00:20 ; elapsed = 00:00:12 . Memory (MB): peak = 2103.141 ; gain = 0.000

Phase 3 Detail Placement

Phase 3.1 Commit Multi Column Macros
Phase 3.1 Commit Multi Column Macros | Checksum: 1b2d11874

Time (s): cpu = 00:00:22 ; elapsed = 00:00:12 . Memory (MB): peak = 2103.141 ; gain = 0.000

Phase 3.2 Commit Most Macros & LUTRAMs
Phase 3.2 Commit Most Macros & LUTRAMs | Checksum: 18af3c660

Time (s): cpu = 00:00:23 ; elapsed = 00:00:13 . Memory (MB): peak = 2103.141 ; gain = 0.000

Phase 3.3 Area Swap Optimization
Phase 3.3 Area Swap Optimization | Checksum: 193b08bb3

Time (s): cpu = 00:00:23 ; elapsed = 00:00:13 . Memory (MB): peak = 2103.141 ; gain = 0.000

Phase 3.4 Pipeline Register Optimization
Phase 3.4 Pipeline Register Optimization | Checksum: 224c6f022

Time (s): cpu = 00:00:23 ; elapsed = 00:00:13 . Memory (MB): peak = 2103.141 ; gain = 0.000

Phase 3.5 Fast Optimization
Phase 3.5 Fast Optimization | Checksum: 1fa429de9

Time (s): cpu = 00:00:29 ; elapsed = 00:00:18 . Memory (MB): peak = 2103.141 ; gain = 0.000

Phase 3.6 Small Shape Detail Placement
Phase 3.6 Small Shape Detail Placement | Checksum: 1e954ff73

Time (s): cpu = 00:00:32 ; elapsed = 00:00:21 . Memory (MB): peak = 2103.141 ; gain = 0.000

Phase 3.7 Re-assign LUT pins
Phase 3.7 Re-assign LUT pins | Checksum: 1ab9f42de

Time (s): cpu = 00:00:33 ; elapsed = 00:00:21 . Memory (MB): peak = 2103.141 ; gain = 0.000

Phase 3.8 Pipeline Register Optimization
Phase 3.8 Pipeline Register Optimization | Checksum: 15abd9ef1

Time (s): cpu = 00:00:33 ; elapsed = 00:00:21 . Memory (MB): peak = 2103.141 ; gain = 0.000

Phase 3.9 Fast Optimization
Phase 3.9 Fast Optimization | Checksum: 221c2fefc

Time (s): cpu = 00:00:42 ; elapsed = 00:00:30 . Memory (MB): peak = 2103.141 ; gain = 0.000
Phase 3 Detail Placement | Checksum: 221c2fefc

Time (s): cpu = 00:00:42 ; elapsed = 00:00:30 . Memory (MB): peak = 2103.141 ; gain = 0.000

Phase 4 Post Placement Optimization and Clean-Up

Phase 4.1 Post Commit Optimization
INFO: [Timing 38-35] Done setting XDC timing constraints.

Phase 4.1.1 Post Placement Optimization
Post Placement Optimization Initialization | Checksum: 2432cb893

Phase 4.1.1.1 BUFG Insertion

Starting Physical Synthesis Task

Phase 1 Physical Synthesis Initialization
INFO: [Physopt 32-721] Multithreading enabled for phys_opt_design using a maximum of 2 CPUs
INFO: [Physopt 32-619] Estimated Timing Summary | WNS=-4.376 | TNS=-843.756 |
Phase 1 Physical Synthesis Initialization | Checksum: 1a6d84b5f

Time (s): cpu = 00:00:00 ; elapsed = 00:00:00.075 . Memory (MB): peak = 2103.141 ; gain = 0.000
INFO: [Place 46-33] Processed net u_power_map/u_mulmod/CPU_RESETN, BUFG insertion was skipped due to placement/routing conflicts.
INFO: [Place 46-56] BUFG insertion identified 1 candidate nets. Inserted BUFG: 0, Replicated BUFG Driver: 0, Skipped due to Placement/Routing Conflicts: 1, Skipped due to Timing Degradation: 0, Skipped due to netlist editing failed: 0.
Ending Physical Synthesis Task | Checksum: 1e5695177

Time (s): cpu = 00:00:00 ; elapsed = 00:00:00.204 . Memory (MB): peak = 2103.141 ; gain = 0.000
Phase 4.1.1.1 BUFG Insertion | Checksum: 2432cb893

Time (s): cpu = 00:00:44 ; elapsed = 00:00:31 . Memory (MB): peak = 2103.141 ; gain = 0.000

Phase 4.1.1.2 Post Placement Timing Optimization
INFO: [Place 30-746] Post Placement Timing Summary WNS=-2.285. For the most accurate timing information please run report_timing.
Phase 4.1.1.2 Post Placement Timing Optimization | Checksum: 25a6ca729

Time (s): cpu = 00:00:58 ; elapsed = 00:00:44 . Memory (MB): peak = 2103.141 ; gain = 0.000

Time (s): cpu = 00:00:58 ; elapsed = 00:00:44 . Memory (MB): peak = 2103.141 ; gain = 0.000
Phase 4.1 Post Commit Optimization | Checksum: 25a6ca729

Time (s): cpu = 00:00:58 ; elapsed = 00:00:44 . Memory (MB): peak = 2103.141 ; gain = 0.000

Phase 4.2 Post Placement Cleanup
Phase 4.2 Post Placement Cleanup | Checksum: 25a6ca729

Time (s): cpu = 00:00:58 ; elapsed = 00:00:44 . Memory (MB): peak = 2103.141 ; gain = 0.000

Phase 4.3 Placer Reporting

Phase 4.3.1 Print Estimated Congestion
INFO: [Place 30-612] Post-Placement Estimated Congestion 
 ____________________________________________________
|           | Global Congestion | Short Congestion  |
| Direction | Region Size       | Region Size       |
|___________|___________________|___________________|
|      North|                1x1|                4x4|
|___________|___________________|___________________|
|      South|                1x1|                2x2|
|___________|___________________|___________________|
|       East|                1x1|                1x1|
|___________|___________________|___________________|
|       West|                1x1|                1x1|
|___________|___________________|___________________|

Phase 4.3.1 Print Estimated Congestion | Checksum: 25a6ca729

Time (s): cpu = 00:00:58 ; elapsed = 00:00:44 . Memory (MB): peak = 2103.141 ; gain = 0.000
Phase 4.3 Placer Reporting | Checksum: 25a6ca729

Time (s): cpu = 00:00:58 ; elapsed = 00:00:44 . Memory (MB): peak = 2103.141 ; gain = 0.000

Phase 4.4 Final Placement Cleanup
Netlist sorting complete. Time (s): cpu = 00:00:00 ; elapsed = 00:00:00.004 . Memory (MB): peak = 2103.141 ; gain = 0.000

Time (s): cpu = 00:00:58 ; elapsed = 00:00:44 . Memory (MB): peak = 2103.141 ; gain = 0.000
Phase 4 Post Placement Optimization and Clean-Up | Checksum: 2471f2a67

Time (s): cpu = 00:00:58 ; elapsed = 00:00:44 . Memory (MB): peak = 2103.141 ; gain = 0.000
Ending Placer Task | Checksum: 1ac4e4ff7

Time (s): cpu = 00:00:58 ; elapsed = 00:00:44 . Memory (MB): peak = 2103.141 ; gain = 0.000
38 Infos, 0 Warnings, 0 Critical Warnings and 0 Errors encountered.
place_design completed successfully
place_design: Time (s): cpu = 00:01:00 ; elapsed = 00:00:45 . Memory (MB): peak = 2103.141 ; gain = 0.000
# route_design
Command: route_design
Attempting to get a license for feature 'Implementation' and/or device 'xc7a100t'
INFO: [Common 17-349] Got license for feature 'Implementation' and/or device 'xc7a100t'


Starting Routing Task
INFO: [Route 35-254] Multithreading enabled for route_design using a maximum of 2 CPUs

Phase 1 Build RT Design
Checksum: PlaceDB: 98a9ec48 ConstDB: 0 ShapeSum: 61d20419 RouteDB: b1d25f96
Post Restoration Checksum: NetGraph: 3b997102 | NumContArr: a6928eec | Constraints: c2a8fa9d | Timing: c2a8fa9d
Phase 1 Build RT Design | Checksum: 2677df528

Time (s): cpu = 00:00:22 ; elapsed = 00:00:19 . Memory (MB): peak = 2103.141 ; gain = 0.000

Phase 2 Router Initialization

Phase 2.1 Fix Topology Constraints
Phase 2.1 Fix Topology Constraints | Checksum: 2677df528

Time (s): cpu = 00:00:22 ; elapsed = 00:00:19 . Memory (MB): peak = 2103.141 ; gain = 0.000

Phase 2.2 Pre Route Cleanup
Phase 2.2 Pre Route Cleanup | Checksum: 2677df528

Time (s): cpu = 00:00:22 ; elapsed = 00:00:19 . Memory (MB): peak = 2103.141 ; gain = 0.000
 Number of Nodes with overlaps = 0

Phase 2.3 Update Timing
Phase 2.3 Update Timing | Checksum: 2b117ead2

Time (s): cpu = 00:00:24 ; elapsed = 00:00:20 . Memory (MB): peak = 2103.141 ; gain = 0.000
INFO: [Route 35-416] Intermediate Timing Summary | WNS=-1.965 | TNS=-399.619| WHS=-0.219 | THS=-36.905|


Phase 2.4 Soft Constraint Pins - Fast Budgeting
Phase 2.4 Soft Constraint Pins - Fast Budgeting | Checksum: 2f0bc0c6e

Time (s): cpu = 00:00:25 ; elapsed = 00:00:21 . Memory (MB): peak = 2103.141 ; gain = 0.000

Router Utilization Summary
  Global Vertical Routing Utilization    = 0 %
  Global Horizontal Routing Utilization  = 0 %
  Routable Net Status*
  *Does not include unroutable nets such as driverless and loadless.
  Run report_route_status for detailed report.
  Number of Failed Nets               = 7214
    (Failed Nets is the sum of unrouted and partially routed nets)
  Number of Unrouted Nets             = 7214
  Number of Partially Routed Nets     = 0
  Number of Node Overlaps             = 0

Phase 2 Router Initialization | Checksum: 28e6d3920

Time (s): cpu = 00:00:25 ; elapsed = 00:00:21 . Memory (MB): peak = 2103.141 ; gain = 0.000

Phase 3 Global Routing
Phase 3 Global Routing | Checksum: 28e6d3920

Time (s): cpu = 00:00:25 ; elapsed = 00:00:21 . Memory (MB): peak = 2103.141 ; gain = 0.000

Phase 4 Initial Routing

Phase 4.1 Initial Net Routing Pass
Phase 4.1 Initial Net Routing Pass | Checksum: 2b2ba2c0c

Time (s): cpu = 00:00:27 ; elapsed = 00:00:22 . Memory (MB): peak = 2103.141 ; gain = 0.000
Phase 4 Initial Routing | Checksum: 2b2ba2c0c

Time (s): cpu = 00:00:27 ; elapsed = 00:00:22 . Memory (MB): peak = 2103.141 ; gain = 0.000
INFO: [Route 35-580] Design has 5 pins with tight setup and hold constraints.

The top 5 pins with tight setup and hold constraints:

+====================+===================+==============================+
| Launch Setup Clock | Launch Hold Clock | Pin                          |
+====================+===================+==============================+
| sys_clk_pin        | sys_clk_pin       | u_coprime/u_gcd/ra_reg[62]/D |
| sys_clk_pin        | sys_clk_pin       | u_coprime/u_gcd/rb_reg[36]/D |
| sys_clk_pin        | sys_clk_pin       | u_coprime/u_gcd/ra_reg[56]/D |
| sys_clk_pin        | sys_clk_pin       | u_coprime/u_gcd/rb_reg[38]/D |
| sys_clk_pin        | sys_clk_pin       | u_coprime/u_gcd/ra_reg[57]/D |
+--------------------+-------------------+------------------------------+

File with complete list of pins: tight_setup_hold_pins.txt


Phase 5 Rip-up And Reroute

Phase 5.1 Global Iteration 0
 Number of Nodes with overlaps = 3581
 Number of Nodes with overlaps = 1761
 Number of Nodes with overlaps = 970
 Number of Nodes with overlaps = 354
 Number of Nodes with overlaps = 152
 Number of Nodes with overlaps = 52
 Number of Nodes with overlaps = 20
 Number of Nodes with overlaps = 5
 Number of Nodes with overlaps = 0
INFO: [Route 35-416] Intermediate Timing Summary | WNS=-3.183 | TNS=-545.164| WHS=N/A    | THS=N/A    |

Phase 5.1 Global Iteration 0 | Checksum: 21f86922b

Time (s): cpu = 00:00:47 ; elapsed = 00:00:35 . Memory (MB): peak = 2103.141 ; gain = 0.000

Phase 5.2 Global Iteration 1
 Number of Nodes with overlaps = 1019
 Number of Nodes with overlaps = 551
 Number of Nodes with overlaps = 171
 Number of Nodes with overlaps = 79
 Number of Nodes with overlaps = 54
 Number of Nodes with overlaps = 21
 Number of Nodes with overlaps = 14
 Number of Nodes with overlaps = 2
 Number of Nodes with overlaps = 2
 Number of Nodes with overlaps = 0
INFO: [Route 35-416] Intermediate Timing Summary | WNS=-2.726 | TNS=-469.185| WHS=N/A    | THS=N/A    |

Phase 5.2 Global Iteration 1 | Checksum: 2f77febe0

Time (s): cpu = 00:00:56 ; elapsed = 00:00:41 . Memory (MB): peak = 2103.141 ; gain = 0.000

Phase 5.3 Global Iteration 2
 Number of Nodes with overlaps = 1296
 Number of Nodes with overlaps = 911
 Number of Nodes with overlaps = 366
 Number of Nodes with overlaps = 242
 Number of Nodes with overlaps = 79
 Number of Nodes with overlaps = 48
 Number of Nodes with overlaps = 27
 Number of Nodes with overlaps = 9
 Number of Nodes with overlaps = 7
 Number of Nodes with overlaps = 3
 Number of Nodes with overlaps = 0
INFO: [Route 35-416] Intermediate Timing Summary | WNS=-2.839 | TNS=-458.551| WHS=N/A    | THS=N/A    |

Phase 5.3 Global Iteration 2 | Checksum: 215d9e3d9

Time (s): cpu = 00:01:12 ; elapsed = 00:00:51 . Memory (MB): peak = 2103.141 ; gain = 0.000
Phase 5 Rip-up And Reroute | Checksum: 215d9e3d9

Time (s): cpu = 00:01:12 ; elapsed = 00:00:51 . Memory (MB): peak = 2103.141 ; gain = 0.000

Phase 6 Delay and Skew Optimization

Phase 6.1 Delay CleanUp

Phase 6.1.1 Update Timing
Phase 6.1.1 Update Timing | Checksum: 2059229b6

Time (s): cpu = 00:01:12 ; elapsed = 00:00:51 . Memory (MB): peak = 2103.141 ; gain = 0.000
INFO: [Route 35-416] Intermediate Timing Summary | WNS=-2.639 | TNS=-445.204| WHS=N/A    | THS=N/A    |

 Number of Nodes with overlaps = 0
Phase 6.1 Delay CleanUp | Checksum: 22df4e518

Time (s): cpu = 00:01:13 ; elapsed = 00:00:51 . Memory (MB): peak = 2103.141 ; gain = 0.000

Phase 6.2 Clock Skew Optimization
Phase 6.2 Clock Skew Optimization | Checksum: 22df4e518

Time (s): cpu = 00:01:13 ; elapsed = 00:00:51 . Memory (MB): peak = 2103.141 ; gain = 0.000
Phase 6 Delay and Skew Optimization | Checksum: 22df4e518

Time (s): cpu = 00:01:13 ; elapsed = 00:00:51 . Memory (MB): peak = 2103.141 ; gain = 0.000

Phase 7 Post Hold Fix

Phase 7.1 Hold Fix Iter
INFO: [Route 35-416] Intermediate Timing Summary | WNS=-2.591 | TNS=-435.403| WHS=0.036  | THS=0.000  |

Phase 7.1 Hold Fix Iter | Checksum: 2713d4f98

Time (s): cpu = 00:01:14 ; elapsed = 00:00:51 . Memory (MB): peak = 2103.141 ; gain = 0.000
Phase 7 Post Hold Fix | Checksum: 2713d4f98

Time (s): cpu = 00:01:14 ; elapsed = 00:00:51 . Memory (MB): peak = 2103.141 ; gain = 0.000

Phase 8 Route finalize

Router Utilization Summary
  Global Vertical Routing Utilization    = 2.15381 %
  Global Horizontal Routing Utilization  = 2.64585 %
  Routable Net Status*
  *Does not include unroutable nets such as driverless and loadless.
  Run report_route_status for detailed report.
  Number of Failed Nets               = 0
    (Failed Nets is the sum of unrouted and partially routed nets)
  Number of Unrouted Nets             = 0
  Number of Partially Routed Nets     = 0
  Number of Node Overlaps             = 0


--GLOBAL Congestion:
Utilization threshold used for congestion level computation: 0.85
Congestion Report
North Dir 1x1 Area, Max Cong = 65.7658%, No Congested Regions.
South Dir 1x1 Area, Max Cong = 68.4685%, No Congested Regions.
East Dir 1x1 Area, Max Cong = 67.6471%, No Congested Regions.
West Dir 1x1 Area, Max Cong = 72.0588%, No Congested Regions.

------------------------------
Reporting congestion hotspots
------------------------------
Direction: North
----------------
Congested clusters found at Level 0
Effective congestion level: 0 Aspect Ratio: 1 Sparse Ratio: 0
Direction: South
----------------
Congested clusters found at Level 0
Effective congestion level: 0 Aspect Ratio: 1 Sparse Ratio: 0
Direction: East
----------------
Congested clusters found at Level 0
Effective congestion level: 0 Aspect Ratio: 1 Sparse Ratio: 0
Direction: West
----------------
Congested clusters found at Level 0
Effective congestion level: 0 Aspect Ratio: 1 Sparse Ratio: 0

Phase 8 Route finalize | Checksum: 2713d4f98

Time (s): cpu = 00:01:14 ; elapsed = 00:00:51 . Memory (MB): peak = 2103.141 ; gain = 0.000

Phase 9 Verifying routed nets

 Verification completed successfully
Phase 9 Verifying routed nets | Checksum: 2713d4f98

Time (s): cpu = 00:01:14 ; elapsed = 00:00:52 . Memory (MB): peak = 2103.141 ; gain = 0.000

Phase 10 Depositing Routes
Phase 10 Depositing Routes | Checksum: 201c9dfae

Time (s): cpu = 00:01:15 ; elapsed = 00:00:52 . Memory (MB): peak = 2103.141 ; gain = 0.000

Phase 11 Post Process Routing
Phase 11 Post Process Routing | Checksum: 201c9dfae

Time (s): cpu = 00:01:15 ; elapsed = 00:00:52 . Memory (MB): peak = 2103.141 ; gain = 0.000

Phase 12 Post Router Timing
INFO: [Route 35-57] Estimated Timing Summary | WNS=-2.591 | TNS=-435.403| WHS=0.036  | THS=0.000  |

WARNING: [Route 35-328] Router estimated timing not met.
Resolution: For a complete and accurate timing signoff, report_timing_summary must be run after route_design. Alternatively, route_design can be run with the -timing_summary option to enable a complete timing signoff at the end of route_design.
Phase 12 Post Router Timing | Checksum: 201c9dfae

Time (s): cpu = 00:01:15 ; elapsed = 00:00:52 . Memory (MB): peak = 2103.141 ; gain = 0.000
Total Elapsed time in route_design: 52.449 secs

Phase 13 Post-Route Event Processing
Phase 13 Post-Route Event Processing | Checksum: 13b2eed31

Time (s): cpu = 00:01:15 ; elapsed = 00:00:52 . Memory (MB): peak = 2103.141 ; gain = 0.000
INFO: [Route 35-16] Router Completed Successfully
Ending Routing Task | Checksum: 13b2eed31

Time (s): cpu = 00:01:15 ; elapsed = 00:00:52 . Memory (MB): peak = 2103.141 ; gain = 0.000

Routing Is Done.
INFO: [Common 17-83] Releasing license: Implementation
12 Infos, 1 Warnings, 0 Critical Warnings and 0 Errors encountered.
route_design completed successfully
route_design: Time (s): cpu = 00:01:15 ; elapsed = 00:00:53 . Memory (MB): peak = 2103.141 ; gain = 0.000
# report_utilization -file reports/post_impl_util.rpt
# report_timing_summary -file reports/post_impl_timing.rpt
INFO: [Timing 38-91] UpdateTimingParams: Speed grade: -1, Delay Type: min_max.
INFO: [Timing 38-191] Multithreading enabled for timing update using a maximum of 2 CPUs
# write_bitstream -force output/${project_name}.bit
Command: write_bitstream -force output/dcl_fpga.bit
Attempting to get a license for feature 'Implementation' and/or device 'xc7a100t'
INFO: [Common 17-349] Got license for feature 'Implementation' and/or device 'xc7a100t'
Running DRC as a precondition to command write_bitstream
INFO: [IP_Flow 19-234] Refreshing IP repositories
INFO: [IP_Flow 19-1704] No user IP repositories specified
INFO: [IP_Flow 19-2313] Loaded Vivado IP repository 'C:/AMDDesignTools/2025.2/Vivado/data/ip'.
INFO: [DRC 23-27] Running DRC with 2 threads
INFO: [Vivado 12-3199] DRC finished with 0 Errors
INFO: [Vivado 12-3200] Please refer to the DRC report (report_drc) for more information.
Integrating Hard IP ELF/MEM with the PDI.
INFO: [Designutils 20-2272] Running write_bitstream with 2 threads.
Loading data files...
Loading site data...
Loading route data...
Processing options...
Creating bitmap...
Creating bitstream...
Writing bitstream output/dcl_fpga.bit...
INFO: [Vivado 12-1842] Bitgen Completed Successfully.
INFO: [Common 17-83] Releasing license: Implementation
10 Infos, 0 Warnings, 0 Critical Warnings and 0 Errors encountered.
write_bitstream completed successfully
write_bitstream: Time (s): cpu = 00:00:13 ; elapsed = 00:00:10 . Memory (MB): peak = 2356.449 ; gain = 253.309
# puts "=== Build complete: output/${project_name}.bit ==="
=== Build complete: output/dcl_fpga.bit ===
INFO: [Common 17-206] Exiting Vivado at Sat Mar 14 12:14:25 2026...
